Component: ARM Compiler 5.06 update 7 (build 960) Tool: armlink [4d3601]

==============================================================================

Section Cross References

    api_quaternion.o(i.QuaternionEKF_A_Update) refers to rt_memclr_w.o(.text) for __aeabi_memclr4
    api_quaternion.o(i.QuaternionEKF_A_Update) refers to api_quaternion.o(i.Fast_InverseSqrt) for Fast_InverseSqrt
    api_quaternion.o(i.QuaternionEKF_ChiSqrtTest) refers to arm_mat_mult_f32.o(.text) for arm_mat_mult_f32
    api_quaternion.o(i.QuaternionEKF_ChiSqrtTest) refers to arm_mat_trans_f32.o(.text) for arm_mat_trans_f32
    api_quaternion.o(i.QuaternionEKF_ChiSqrtTest) refers to rt_memcpy_w.o(.text) for __aeabi_memcpy4
    api_quaternion.o(i.QuaternionEKF_H_Update) refers to rt_memclr_w.o(.text) for __aeabi_memclr4
    api_quaternion.o(i.QuaternionEKF_Init) refers to kalman.o(i.Kalman_Filter_Init) for Kalman_Filter_Init
    api_quaternion.o(i.QuaternionEKF_Init) refers to rt_memcpy_w.o(.text) for __aeabi_memcpy4
    api_quaternion.o(i.QuaternionEKF_Init) refers to api_quaternion.o(i.QuaternionEKF_A_Update) for QuaternionEKF_A_Update
    api_quaternion.o(i.QuaternionEKF_Init) refers to api_quaternion.o(i.QuaternionEKF_H_Update) for QuaternionEKF_H_Update
    api_quaternion.o(i.QuaternionEKF_Init) refers to api_quaternion.o(i.QuaternionEKF_xhat_Update) for QuaternionEKF_xhat_Update
    api_quaternion.o(i.QuaternionEKF_Update) refers to api_quaternion.o(i.Fast_InverseSqrt) for Fast_InverseSqrt
    api_quaternion.o(i.QuaternionEKF_Update) refers to rt_memcpy_w.o(.text) for __aeabi_memcpy4
    api_quaternion.o(i.QuaternionEKF_Update) refers to kalman.o(i.Kalman_Filter_Update) for Kalman_Filter_Update
    api_quaternion.o(i.QuaternionEKF_Update) refers to atan2f.o(i.__hardfp_atan2f) for __hardfp_atan2f
    api_quaternion.o(i.QuaternionEKF_Update) refers to asinf.o(i.__hardfp_asinf) for __hardfp_asinf
    api_quaternion.o(i.QuaternionEKF_xhat_Update) refers to arm_mat_trans_f32.o(.text) for arm_mat_trans_f32
    api_quaternion.o(i.QuaternionEKF_xhat_Update) refers to arm_mat_mult_f32.o(.text) for arm_mat_mult_f32
    api_quaternion.o(i.QuaternionEKF_xhat_Update) refers to arm_mat_add_f32.o(.text) for arm_mat_add_f32
    api_quaternion.o(i.QuaternionEKF_xhat_Update) refers to arm_mat_inverse_f32.o(.text) for arm_mat_inverse_f32
    api_quaternion.o(i.QuaternionEKF_xhat_Update) refers to acosf.o(i.__hardfp_acosf) for __hardfp_acosf
    api_quaternion.o(i.QuaternionEKF_xhat_Update) refers to arm_mat_sub_f32.o(.text) for arm_mat_sub_f32
    api_quaternion.o(i.QuaternionEKF_xhat_Update) refers to api_quaternion.o(i.QuaternionEKF_ChiSqrtTest) for QuaternionEKF_ChiSqrtTest
    detect_task.o(i.Detect_Task) refers to remote_control.o(i.Remote_Message_Moniter) for Remote_Message_Moniter
    detect_task.o(i.Detect_Task) refers to cmsis_os.o(i.osDelay) for osDelay
    detect_task.o(i.Detect_Task) refers to remote_control.o(.data) for remote_ctrl
    usart_task.o(i.Usart_Task) refers to cmsis_os.o(i.osDelay) for osDelay
    usart_task.o(i.usart_printf) refers to vsnprintf.o(.text) for vsnprintf
    usart_task.o(i.usart_printf) refers to stm32f4xx_hal_uart.o(i.HAL_UART_Transmit_DMA) for HAL_UART_Transmit_DMA
    usart_task.o(i.usart_printf) refers to usart_task.o(.data) for ap
    usart_task.o(i.usart_printf) refers to usart_task.o(.bss) for tx_buf
    usart_task.o(i.usart_printf) refers to usart.o(.bss) for huart1
    cantx_task.o(i.CAN1Tx_Task) refers to bsp_can.o(i.USER_CAN_TxMessage) for USER_CAN_TxMessage
    cantx_task.o(i.CAN1Tx_Task) refers to cmsis_os.o(i.osDelay) for osDelay
    cantx_task.o(i.CAN1Tx_Task) refers to chassis_task.o(.bss) for Chassis_Info
    cantx_task.o(i.CAN1Tx_Task) refers to bsp_can.o(.data) for ChassisTxFrame
    cantx_task.o(i.CAN2Tx_Task) refers to bsp_can.o(i.USER_CAN_TxMessage) for USER_CAN_TxMessage
    cantx_task.o(i.CAN2Tx_Task) refers to cmsis_os.o(i.osDelay) for osDelay
    cantx_task.o(i.CAN2Tx_Task) refers to gimbal_task.o(.bss) for Gimbal_Info
    cantx_task.o(i.CAN2Tx_Task) refers to bsp_can.o(.data) for GimbalTxFrame
    chassis_task.o(i.Chassis_Task) refers to chassis_task.o(i.Chassis_Task_Init) for Chassis_Task_Init
    chassis_task.o(i.Chassis_Task) refers to chassis_task.o(i.Quanxiang_Calculate) for Quanxiang_Calculate
    chassis_task.o(i.Chassis_Task) refers to cmsis_os.o(i.osDelay) for osDelay
    chassis_task.o(i.Chassis_Task) refers to remote_control.o(.data) for remote_ctrl
    chassis_task.o(i.Chassis_Task) refers to chassis_task.o(.bss) for Chassis_Info
    chassis_task.o(i.Chassis_Task_Init) refers to pid.o(i.PID_Init) for PID_Init
    chassis_task.o(i.Chassis_Task_Init) refers to chassis_task.o(.data) for Wheel_PID_Param_A_velocity
    chassis_task.o(i.Chassis_Task_Init) refers to chassis_task.o(.bss) for Chassis_PID_v1
    chassis_task.o(i.Quanxiang_Calculate) refers to arm_cos_f32.o(.text) for arm_cos_f32
[...]
    .bss                                     0x20007354   Section       96  libspace.o(.bss)
    HEAP                                     0x200073b8   Section     8192  startup_stm32f407xx.o(HEAP)
    Heap_Mem                                 0x200073b8   Data        8192  startup_stm32f407xx.o(HEAP)
    STACK                                    0x200093b8   Section     8192  startup_stm32f407xx.o(STACK)
    Stack_Mem                                0x200093b8   Data        8192  startup_stm32f407xx.o(STACK)
    __initial_sp                             0x2000b3b8   Data           0  startup_stm32f407xx.o(STACK)

    Global Symbols

    Symbol Name                              Value     Ov Type        Size  Object(Section)

    BuildAttributes$$THM_ISAv4$E$P$D$K$B$S$7EM$VFPi3$EXTD16$VFPS$VFMA$PE$A:L22UL41UL21$X:L11$S22US41US21$IEEE1$IW$USESV6$~STKCKD$USESV7$~SHL$OTIME$ROPI$IEEEX$EBA8$UX$STANDARDLIB$REQ8$PRES8$EABIv2 0x00000000   Number         0  anon$$obj.o ABSOLUTE
    __ARM_use_no_argv                        0x00000000   Number         0  main.o ABSOLUTE
    _printf_flags                            0x00000000   Number         0  printf_stubs.o ABSOLUTE
    _printf_return_value                     0x00000000   Number         0  printf_stubs.o ABSOLUTE
    _printf_sizespec                         0x00000000   Number         0  printf_stubs.o ABSOLUTE
    _printf_widthprec                        0x00000000   Number         0  printf_stubs.o ABSOLUTE
    __ARM_exceptions_init                     - Undefined Weak Reference
    __alloca_initialize                       - Undefined Weak Reference
    __arm_fini_                               - Undefined Weak Reference
    __arm_preinit_                            - Undefined Weak Reference
    __cpp_initialize__aeabi_                  - Undefined Weak Reference
    __cxa_finalize                            - Undefined Weak Reference
    __sigvec_lookup                           - Undefined Weak Reference
    __user_heap_extent                        - Undefined Weak Reference
    _atexit_init                              - Undefined Weak Reference
    _call_atexit_fns                          - Undefined Weak Reference
    _clock_init                               - Undefined Weak Reference
    _fp_trap_big                              - Undefined Weak Reference
    _fp_trap_init                             - Undefined Weak Reference
    _fp_trap_shutdown                         - Undefined Weak Reference
    _get_lc_collate                           - Undefined Weak Reference
    _get_lc_monetary                          - Undefined Weak Reference
    _get_lc_time                              - Undefined Weak Reference
    _getenv_init                              - Undefined Weak Reference
    _handle_redirection                       - Undefined Weak Reference
    _initio                                   - Undefined Weak Reference
    _mutex_acquire                            - Undefined Weak Reference
    _mutex_free                               - Undefined Weak Reference
    _mutex_release                            - Undefined Weak Reference
    _printf_mbtowc                            - Undefined Weak Reference
    _printf_wc                                - Undefined Weak Reference
    _rand_init                                - Undefined Weak Reference
    _signal_finish                            - Undefined Weak Reference
    _signal_init                              - Undefined Weak Reference
    _terminateio                              - Undefined Weak Reference
    __Vectors_Size                           0x00000188   Number         0  startup_stm32f407xx.o ABSOLUTE
    __Vectors                                0x08000000   Data           4  startup_stm32f407xx.o(RESET)
    __Vectors_End                            0x08000188   Data           0  startup_stm32f407xx.o(RESET)
    __main                                   0x08000189   Thumb Code     8  __main.o(!!!main)
    __scatterload                            0x08000191   Thumb Code     0  __scatter.o(!!!scatter)
    __scatterload_rt2                        0x08000191   Thumb Code    44  __scatter.o(!!!scatter)
    __scatterload_rt2_thumb_only             0x08000191   Thumb Code     0  __scatter.o(!!!scatter)
    __scatterload_null                       0x0800019f   Thumb Code     0  __scatter.o(!!!scatter)
    __decompress                             0x080001c5   Thumb Code    90  __dczerorl2.o(!!dczerorl2)
    __decompress1                            0x080001c5   Thumb Code     0  __dczerorl2.o(!!dczerorl2)
    __scatterload_zeroinit                   0x08000221   Thumb Code    28  __scatter_zi.o(!!handler_zi)
    __rt_lib_init                            0x0800023d   Thumb Code     0  libinit.o(.ARM.Collect$$libinit$$00000000)
    __rt_lib_init_fp_1                       0x0800023f   Thumb Code     0  libinit2.o(.ARM.Collect$$libinit$$00000001)
    __rt_lib_init_alloca_1                   0x08000243   Thumb Code     0  libinit2.o(.ARM.Collect$$libinit$$0000002E)
    __rt_lib_init_argv_1                     0x08000243   Thumb Code     0  libinit2.o(.ARM.Collect$$libinit$$0000002C)
    __rt_lib_init_atexit_1                   0x08000243   Thumb Code     0  libinit2.o(.ARM.Collect$$libinit$$0000001B)
    __rt_lib_init_clock_1                    0x08000243   Thumb Code     0  libinit2.o(.ARM.Collect$$libinit$$00000021)
    __rt_lib_init_cpp_1                      0x08000243   Thumb Code     0  libinit2.o(.ARM.Collect$$libinit$$00000032)
    __rt_lib_init_exceptions_1               0x08000243   Thumb Code     0  libinit2.o(.ARM.Collect$$libinit$$00000030)
    __rt_lib_init_fp_trap_1                  0x08000243   Thumb Code     0  libinit2.o(.ARM.Collect$$libinit$$0000001F)
    __rt_lib_init_getenv_1                   0x08000243   Thumb Code     0  libinit2.o(.ARM.Collect$$libinit$$00000023)
    __rt_lib_init_heap_1                     0x08000243   Thumb Code     0  libinit2.o(.ARM.Collect$$libinit$$0000000A)
    __rt_lib_init_lc_collate_1               0x08000243   Thumb Code     0  libinit2.o(.ARM.Collect$$libinit$$00000011)
    __rt_lib_init_lc_ctype_1                 0x08000243   Thumb Code     0  libinit2.o(.ARM.Collect$$libinit$$00000013)
    __rt_lib_init_lc_monetary_1              0x08000243   Thumb Code     0  libinit2.o(.ARM.Collect$$libinit$$00000015)
    __rt_lib_init_lc_numeric_1               0x08000243   Thumb Code     0  libinit2.o(.ARM.Collect$$libinit$$00000017)
    __rt_lib_init_lc_time_1                  0x08000243   Thumb Code     0  libinit2.o(.ARM.Collect$$libinit$$00000019)
    __rt_lib_init_preinit_1                  0x08000243   Thumb Code     0  libinit2.o(.ARM.Collect$$libinit$$00000004)
    __rt_lib_init_rand_1                     0x08000243   Thumb Code     0  libinit2.o(.ARM.Collect$$libinit$$0000000E)
    __rt_lib_init_return                     0x08000243   Thumb Code     0  libinit2.o(.ARM.Collect$$libinit$$00000033)
    __rt_lib_init_signal_1                   0x08000243   Thumb Code     0  libinit2.o(.ARM.Collect$$libinit$$0000001D)
    __rt_lib_init_stdio_1                    0x08000243   Thumb Code     0  libinit2.o(.ARM.Collect$$libinit$$00000025)
    __rt_lib_init_user_alloc_1               0x08000243   Thumb Code     0  libinit2.o(.ARM.Collect$$libinit$$0000000C)
    __rt_lib_shutdown                        0x08000245   Thumb Code     0  libshutdown.o(.ARM.Collect$$libshutdown$$00000000)
    __rt_lib_shutdown_cpp_1                  0x08000247   Thumb Code     0  libshutdown2.o(.ARM.Collect$$libshutdown$$00000004)
    __rt_lib_shutdown_fini_1                 0x08000247   Thumb Code     0  libshutdown2.o(.ARM.Collect$$libshutdown$$00000002)
    __rt_lib_shutdown_fp_trap_1              0x08000247   Thumb Code     0  libshutdown2.o(.ARM.Collect$$libshutdown$$00000009)
    __rt_lib_shutdown_heap_1                 0x08000247   Thumb Code     0  libshutdown2.o(.ARM.Collect$$libshutdown$$00000011)
    __rt_lib_shutdown_return                 0x08000247   Thumb Code     0  libshutdown2.o(.ARM.Collect$$libshutdown$$00000012)
    __rt_lib_shutdown_signal_1               0x08000247   Thumb Code     0  libshutdown2.o(.ARM.Collect$$libshutdown$$0000000C)
    __rt_lib_shutdown_stdio_1                0x08000247   Thumb Code     0  libshutdown2.o(.ARM.Collect$$libshutdown$$00000006)
    __rt_lib_shutdown_user_alloc_1           0x08000247   Thumb Code     0  libshutdown2.o(.ARM.Collect$$libshutdown$$0000000E)
    __rt_entry                               0x08000249   Thumb Code     0  __rtentry.o(.ARM.Collect$$rtentry$$00000000)
    __rt_entry_presh_1                       0x08000249   Thumb Code     0  __rtentry2.o(.ARM.Collect$$rtentry$$00000002)
    __rt_entry_sh                            0x08000249   Thumb Code     0  __rtentry4.o(.ARM.Collect$$rtentry$$00000004)
    __rt_entry_li                            0x0800024f   Thumb Code     0  __rtentry2.o(.ARM.Collect$$rtentry$$0000000A)
    __rt_entry_postsh_1                      0x0800024f   Thumb Code     0  __rtentry2.o(.ARM.Collect$$rtentry$$00000009)
    __rt_entry_main                          0x08000253   Thumb Code     0  __rtentry2.o(.ARM.Collect$$rtentry$$0000000D)
    __rt_entry_postli_1                      0x08000253   Thumb Code     0  __rtentry2.o(.ARM.Collect$$rtentry$$0000000C)
    __rt_exit                                0x0800025b   Thumb Code     0  rtexit.o(.ARM.Collect$$rtexit$$00000000)
    __rt_exit_ls                             0x0800025d   Thumb Code     0  rtexit2.o(.ARM.Collect$$rtexit$$00000003)
    __rt_exit_prels_1                        0x0800025d   Thumb Code     0  rtexit2.o(.ARM.Collect$$rtexit$$00000002)
    __rt_exit_exit                           0x08000261   Thumb Code     0  rtexit2.o(.ARM.Collect$$rtexit$$00000004)
    SVC_Handler                              0x08000269   Thumb Code    28  port.o(.emb_text)
    __asm___6_port_c_39a90d8d__prvStartFirstTask 0x08000289   Thumb Code    36  port.o(.emb_text)
    __asm___6_port_c_39a90d8d__prvEnableVFP  0x080002b1   Thumb Code    16  port.o(.emb_text)
    PendSV_Handler                           0x080002c5   Thumb Code    88  port.o(.emb_text)
    vPortGetIPSR                             0x08000321   Thumb Code     6  port.o(.emb_text)
    Reset_Handler                            0x08000329   Thumb Code     8  startup_stm32f407xx.o(.text)
    ADC_IRQHandler                           0x08000343   Thumb Code     0  startup_stm32f407xx.o(.text)
    CAN1_RX1_IRQHandler                      0x08000343   Thumb Code     0  startup_stm32f407xx.o(.text)
    CAN1_SCE_IRQHandler                      0x08000343   Thumb Code     0  startup_stm32f407xx.o(.text)
    CAN1_TX_IRQHandler                       0x08000343   Thumb Code     0  startup_stm32f407xx.o(.text)
    CAN2_RX1_IRQHandler                      0x08000343   Thumb Code     0  startup_stm32f407xx.o(.text)
    CAN2_SCE_IRQHandler                      0x08000343   Thumb Code     0  startup_stm32f407xx.o(.text)
    CAN2_TX_IRQHandler                       0x08000343   Thumb Code     0  startup_stm32f407xx.o(.text)
    DCMI_IRQHandler                          0x08000343   Thumb Code     0  startup_stm32f407xx.o(.text)
    DMA1_Stream0_IRQHandler                  0x08000343   Thumb Code     0  startup_stm32f407xx.o(.text)
    DMA1_Stream2_IRQHandler                  0x08000343   Thumb Code     0  startup_stm32f407xx.o(.text)
    DMA1_Stream3_IRQHandler                  0x08000343   Thumb Code     0  startup_stm32f407xx.o(.text)
    DMA1_Stream4_IRQHandler                  0x08000343   Thumb Code     0  startup_stm32f407xx.o(.text)
    DMA1_Stream5_IRQHandler                  0x08000343   Thumb Code     0  startup_stm32f407xx.o(.text)
    DMA1_Stream6_IRQHandler                  0x08000343   Thumb Code     0  startup_stm32f407xx.o(.text)
    DMA1_Stream7_IRQHandler                  0x08000343   Thumb Code     0  startup_stm32f407xx.o(.text)
    DMA2_Stream0_IRQHandler                  0x08000343   Thumb Code     0  startup_stm32f407xx.o(.text)
    DMA2_Stream1_IRQHandler                  0x08000343   Thumb Code     0  startup_stm32f407xx.o(.text)
    DMA2_Stream3_IRQHandler                  0x08000343   Thumb Code     0  startup_stm32f407xx.o(.text)
    DMA2_Stream4_IRQHandler                  0x08000343   Thumb Code     0  startup_stm32f407xx.o(.text)
    DMA2_Stream5_IRQHandler                  0x08000343   Thumb Code     0  startup_stm32f407xx.o(.text)
    DMA2_Stream6_IRQHandler                  0x08000343   Thumb Code     0  startup_stm32f407xx.o(.text)
    ETH_IRQHandler                           0x08000343   Thumb Code     0  startup_stm32f407xx.o(.text)
    ETH_WKUP_IRQHandler                      0x08000343   Thumb Code     0  startup_stm32f407xx.o(.text)
    EXTI0_IRQHandler                         0x08000343   Thumb Code     0  startup_stm32f407xx.o(.text)
    EXTI15_10_IRQHandler                     0x08000343   Thumb Code     0  startup_stm32f407xx.o(.text)
    EXTI1_IRQHandler                         0x08000343   Thumb Code     0  startup_stm32f407xx.o(.text)
    EXTI2_IRQHandler                         0x08000343   Thumb Code     0  startup_stm32f407xx.o(.text)
    EXTI3_IRQHandler                         0x08000343   Thumb Code     0  startup_stm32f407xx.o(.text)
    EXTI4_IRQHandler                         0x08000343   Thumb Code     0  startup_stm32f407xx.o(.text)
    FLASH_IRQHandler                         0x08000343   Thumb Code     0  startup_stm32f407xx.o(.text)
    FMC_IRQHandler                           0x08000343   Thumb Code     0  startup_stm32f407xx.o(.text)
    FPU_IRQHandler                           0x08000343   Thumb Code     0  startup_stm32f407xx.o(.text)
    HASH_RNG_IRQHandler                      0x08000343   Thumb Code     0  startup_stm32f407xx.o(.text)
    I2C1_ER_IRQHandler                       0x08000343   Thumb Code     0  startup_stm32f407xx.o(.text)
    I2C1_EV_IRQHandler                       0x08000343   Thumb Code     0  startup_stm32f407xx.o(.text)
    I2C2_ER_IRQHandler                       0x08000343   Thumb Code     0  startup_stm32f407xx.o(.text)
    I2C2_EV_IRQHandler                       0x08000343   Thumb Code     0  startup_stm32f407xx.o(.text)
    I2C3_ER_IRQHandler                       0x08000343   Thumb Code     0  startup_stm32f407xx.o(.text)
    I2C3_EV_IRQHandler                       0x08000343   Thumb Code     0  startup_stm32f407xx.o(.text)
    OTG_FS_IRQHandler                        0x08000343   Thumb Code     0  startup_stm32f407xx.o(.text)
    OTG_FS_WKUP_IRQHandler                   0x08000343   Thumb Code     0  startup_stm32f407xx.o(.text)
    OTG_HS_EP1_IN_IRQHandler                 0x08000343   Thumb Code     0  startup_stm32f407xx.o(.text)
    OTG_HS_EP1_OUT_IRQHandler                0x08000343   Thumb Code     0  startup_stm32f407xx.o(.text)
    OTG_HS_IRQHandler                        0x08000343   Thumb Code     0  startup_stm32f407xx.o(.text)
    OTG_HS_WKUP_IRQHandler                   0x08000343   Thumb Code     0  startup_stm32f407xx.o(.text)
    PVD_IRQHandler                           0x08000343   Thumb Code     0  startup_stm32f407xx.o(.text)
    RCC_IRQHandler                           0x08000343   Thumb Code     0  startup_stm32f407xx.o(.text)
    RTC_Alarm_IRQHandler                     0x08000343   Thumb Code     0  startup_stm32f407xx.o(.text)
    RTC_WKUP_IRQHandler                      0x08000343   Thumb Code     0  startup_stm32f407xx.o(.text)
    SDIO_IRQHandler                          0x08000343   Thumb Code     0  startup_stm32f407xx.o(.text)
    SPI1_IRQHandler                          0x08000343   Thumb Code     0  startup_stm32f407xx.o(.text)
    SPI2_IRQHandler                          0x08000343   Thumb Code     0  startup_stm32f407xx.o(.text)
    SPI3_IRQHandler                          0x08000343   Thumb Code     0  startup_stm32f407xx.o(.text)
    TAMP_STAMP_IRQHandler                    0x08000343   Thumb Code     0  startup_stm32f407xx.o(.text)
    TIM1_BRK_TIM9_IRQHandler                 0x08000343   Thumb Code     0  startup_stm32f407xx.o(.text)
    TIM1_CC_IRQHandler                       0x08000343   Thumb Code     0  startup_stm32f407xx.o(.text)
    TIM1_TRG_COM_TIM11_IRQHandler            0x08000343   Thumb Code     0  startup_stm32f407xx.o(.text)
    TIM1_UP_TIM10_IRQHandler                 0x08000343   Thumb Code     0  startup_stm32f407xx.o(.text)
    TIM3_IRQHandler                          0x08000343   Thumb Code     0  startup_stm32f407xx.o(.text)
    TIM4_IRQHandler                          0x08000343   Thumb Code     0  startup_stm32f407xx.o(.text)
    TIM5_IRQHandler                          0x08000343   Thumb Code     0  startup_stm32f407xx.o(.text)
    TIM6_DAC_IRQHandler                      0x08000343   Thumb Code     0  startup_stm32f407xx.o(.text)
    TIM7_IRQHandler                          0x08000343   Thumb Code     0  startup_stm32f407xx.o(.text)
    TIM8_BRK_TIM12_IRQHandler                0x08000343   Thumb Code     0  startup_stm32f407xx.o(.text)
    TIM8_CC_IRQHandler                       0x08000343   Thumb Code     0  startup_stm32f407xx.o(.text)
    TIM8_TRG_COM_TIM14_IRQHandler            0x08000343   Thumb Code     0  startup_stm32f407xx.o(.text)
    TIM8_UP_TIM13_IRQHandler                 0x08000343   Thumb Code     0  startup_stm32f407xx.o(.text)
    UART4_IRQHandler                         0x08000343   Thumb Code     0  startup_stm32f407xx.o(.text)
    UART5_IRQHandler                         0x08000343   Thumb Code     0  startup_stm32f407xx.o(.text)
    USART2_IRQHandler                        0x08000343   Thumb Code     0  startup_stm32f407xx.o(.text)
    USART6_IRQHandler                        0x08000343   Thumb Code     0  startup_stm32f407xx.o(.text)
    WWDG_IRQHandler                          0x08000343   Thumb Code     0  startup_stm32f407xx.o(.text)
    __user_initial_stackheap                 0x08000345   Thumb Code     0  startup_stm32f407xx.o(.text)
    arm_cos_f32                              0x08000369   Thumb Code   108  arm_cos_f32.o(.text)
    arm_sin_f32                              0x080003e1   Thumb Code   130  arm_sin_f32.o(.text)
    __aeabi_uldivmod                         0x08000475   Thumb Code     0  lludivv7m.o(.text)
    _ll_udiv                                 0x08000475   Thumb Code   238  lludivv7m.o(.text)
    __aeabi_memcpy4                          0x08000563   Thumb Code     0  rt_memcpy_w.o(.text)
    __aeabi_memcpy8                          0x08000563   Thumb Code     0  rt_memcpy_w.o(.text)
    __rt_memcpy_w                            0x08000563   Thumb Code   100  rt_memcpy_w.o(.text)
    _memcpy_lastbytes_aligned                0x080005ab   Thumb Code     0  rt_memcpy_w.o(.text)
    __aeabi_memset                           0x080005c7   Thumb Code    16  aeabi_memset.o(.text)
    __aeabi_memclr                           0x080005d7   Thumb Code     0  rt_memclr.o(.text)
    __rt_memclr                              0x080005d7   Thumb Code    68  rt_memclr.o(.text)
    _memset                                  0x080005db   Thumb Code     0  rt_memclr.o(.text)
    __aeabi_memclr4                          0x0800061b   Thumb Code     0  rt_memclr_w.o(.text)
    __aeabi_memclr8                          0x0800061b   Thumb Code     0  rt_memclr_w.o(.text)
    __rt_memclr_w                            0x0800061b   Thumb Code    78  rt_memclr_w.o(.text)
    _memset_w                                0x0800061f   Thumb Code     0  rt_memclr_w.o(.text)
    __use_two_region_memory                  0x08000669   Thumb Code     2  heapauxi.o(.text)
    __rt_heap_escrow                         0x0800066b   Thumb Code     2  heapauxi.o(.text)
    __rt_heap_expand                         0x0800066d   Thumb Code     2  heapauxi.o(.text)
    __user_libspace                          0x08000671   Thumb Code     8  libspace.o(.text)
    __user_perproc_libspace                  0x08000671   Thumb Code     0  libspace.o(.text)
    __user_perthread_libspace                0x08000671   Thumb Code     0  libspace.o(.text)
    __I$use$semihosting                      0x08000679   Thumb Code     0  use_no_semi.o(.text)
    __use_no_semihosting_swi                 0x08000679   Thumb Code     2  use_no_semi.o(.text)
    __semihosting_library_function           0x0800067b   Thumb Code     0  indicate_semi.o(.text)
    __user_setup_stackheap                   0x0800067b   Thumb Code    74  sys_stackheap_outer.o(.text)
    exit                                     0x080006c5   Thumb Code    18  exit.o(.text)
    _sys_exit                                0x080006d9   Thumb Code     8  sys_exit.o(.text)
    BMI088_ACCEL_NS_H                        0x080006e5   Thumb Code    14  bsp_gpio.o(i.BMI088_ACCEL_NS_H)
    BMI088_ACCEL_NS_L                        0x080006f9   Thumb Code    14  bsp_gpio.o(i.BMI088_ACCEL_NS_L)
    BMI088_GYRO_NS_H                         0x08000831   Thumb Code    14  bsp_gpio.o(i.BMI088_GYRO_NS_H)
    BMI088_GYRO_NS_L                         0x08000845   Thumb Code    14  bsp_gpio.o(i.BMI088_GYRO_NS_L)
    BMI088_Init                              0x08000949   Thumb Code    36  bmi088.o(i.BMI088_Init)
    BMI088_Read_Write_Byte                   0x080009b5   Thumb Code    32  bsp_spi.o(i.BMI088_Read_Write_Byte)
    BSP_CAN_Init                             0x080009ed   Thumb Code    94  bsp_can.o(i.BSP_CAN_Init)
    BSP_DWT_Init                             0x08000a55   Thumb Code    74  bsp_dwt.o(i.BSP_DWT_Init)
    BSP_USART_Init                           0x08000abd   Thumb Code    26  bsp_uart.o(i.BSP_USART_Init)
    Bsp_Tim_Init                             0x08000ae1   Thumb Code    12  bsp_tim.o(i.Bsp_Tim_Init)
    BusFault_Handler                         0x08000af1   Thumb Code     4  stm32f4xx_it.o(i.BusFault_Handler)
    CAN1Tx_Task                              0x08000af5   Thumb Code    72  cantx_task.o(i.CAN1Tx_Task)
    CAN1_RX0_IRQHandler                      0x08000b45   Thumb Code    10  stm32f4xx_it.o(i.CAN1_RX0_IRQHandler)
    CAN1_rxDataHandler                       0x08000b55   Thumb Code    50  bsp_can.o(i.CAN1_rxDataHandler)
    CAN2Tx_Task                              0x08000b8d   Thumb Code   102  cantx_task.o(i.CAN2Tx_Task)
    CAN2_RX0_IRQHandler                      0x08000bfd   Thumb Code    10  stm32f4xx_it.o(i.CAN2_RX0_IRQHandler)
    CAN2_rxDataHandler                       0x08000c0d   Thumb Code    62  bsp_can.o(i.CAN2_rxDataHandler)
    Chassis_Task                             0x08000c51   Thumb Code    42  chassis_task.o(i.Chassis_Task)
    DMA1_Stream1_IRQHandler                  0x08000ced   Thumb Code    10  stm32f4xx_it.o(i.DMA1_Stream1_IRQHandler)
    DMA2_Stream2_IRQHandler                  0x08000cfd   Thumb Code    10  stm32f4xx_it.o(i.DMA2_Stream2_IRQHandler)
    DMA2_Stream7_IRQHandler                  0x08000d0d   Thumb Code    10  stm32f4xx_it.o(i.DMA2_Stream7_IRQHandler)
    DebugMon_Handler                         0x08000dfb   Thumb Code     2  stm32f4xx_it.o(i.DebugMon_Handler)
    Delay_ms                                 0x08000dfd   Thumb Code    24  bsp_tick.o(i.Delay_ms)
    Delay_us                                 0x08000e15   Thumb Code    24  bsp_tick.o(i.Delay_us)
    Detect_Task                              0x08000e2d   Thumb Code    16  detect_task.o(i.Detect_Task)
    EXTI9_5_IRQHandler                       0x08000e41   Thumb Code    18  stm32f4xx_it.o(i.EXTI9_5_IRQHandler)
    Error_Handler                            0x08000e53   Thumb Code     6  main.o(i.Error_Handler)
    GPIO_Task                                0x08000e59   Thumb Code    12  freertos.o(i.GPIO_Task)
    HAL_CAN_ActivateNotification             0x0800105d   Thumb Code    42  stm32f4xx_hal_can.o(i.HAL_CAN_ActivateNotification)
    HAL_CAN_AddTxMessage                     0x08001087   Thumb Code   342  stm32f4xx_hal_can.o(i.HAL_CAN_AddTxMessage)
    HAL_CAN_ConfigFilter                     0x080011dd   Thumb Code   286  stm32f4xx_hal_can.o(i.HAL_CAN_ConfigFilter)
    HAL_CAN_ErrorCallback                    0x08001301   Thumb Code     2  stm32f4xx_hal_can.o(i.HAL_CAN_ErrorCallback)
    HAL_CAN_GetRxMessage                     0x08001303   Thumb Code   378  stm32f4xx_hal_can.o(i.HAL_CAN_GetRxMessage)
    HAL_CAN_IRQHandler                       0x0800147d   Thumb Code   590  stm32f4xx_hal_can.o(i.HAL_CAN_IRQHandler)
    HAL_CAN_Init                             0x080016cb   Thumb Code   372  stm32f4xx_hal_can.o(i.HAL_CAN_Init)
    HAL_CAN_MspInit                          0x08001841   Thumb Code   328  can.o(i.HAL_CAN_MspInit)
    HAL_CAN_RxFifo0FullCallback              0x080019a1   Thumb Code     2  stm32f4xx_hal_can.o(i.HAL_CAN_RxFifo0FullCallback)
    HAL_CAN_RxFifo0MsgPendingCallback        0x080019a5   Thumb Code    72  bsp_can.o(i.HAL_CAN_RxFifo0MsgPendingCallback)
    HAL_CAN_RxFifo1FullCallback              0x080019f9   Thumb Code     2  stm32f4xx_hal_can.o(i.HAL_CAN_RxFifo1FullCallback)
    HAL_CAN_RxFifo1MsgPendingCallback        0x080019fb   Thumb Code     2  stm32f4xx_hal_can.o(i.HAL_CAN_RxFifo1MsgPendingCallback)
    HAL_CAN_SleepCallback                    0x080019fd   Thumb Code     2  stm32f4xx_hal_can.o(i.HAL_CAN_SleepCallback)
    HAL_CAN_Start                            0x080019ff   Thumb Code    94  stm32f4xx_hal_can.o(i.HAL_CAN_Start)
    HAL_CAN_TxMailbox0AbortCallback          0x08001a5d   Thumb Code     2  stm32f4xx_hal_can.o(i.HAL_CAN_TxMailbox0AbortCallback)
    HAL_CAN_TxMailbox0CompleteCallback       0x08001a5f   Thumb Code     2  stm32f4xx_hal_can.o(i.HAL_CAN_TxMailbox0CompleteCallback)
    HAL_CAN_TxMailbox1AbortCallback          0x08001a61   Thumb Code     2  stm32f4xx_hal_can.o(i.HAL_CAN_TxMailbox1AbortCallback)
    HAL_CAN_TxMailbox1CompleteCallback       0x08001a63   Thumb Code     2  stm32f4xx_hal_can.o(i.HAL_CAN_TxMailbox1CompleteCallback)
    HAL_CAN_TxMailbox2AbortCallback          0x08001a65   Thumb Code     2  stm32f4xx_hal_can.o(i.HAL_CAN_TxMailbox2AbortCallback)
    HAL_CAN_TxMailbox2CompleteCallback       0x08001a67   Thumb Code     2  stm32f4xx_hal_can.o(i.HAL_CAN_TxMailbox2CompleteCallback)
    HAL_CAN_WakeUpFromRxMsgCallback          0x08001a69   Thumb Code     2  stm32f4xx_hal_can.o(i.HAL_CAN_WakeUpFromRxMsgCallback)
    HAL_DMA_Abort                            0x08001a6b   Thumb Code   172  stm32f4xx_hal_dma.o(i.HAL_DMA_Abort)
    HAL_DMA_Abort_IT                         0x08001b17   Thumb Code    40  stm32f4xx_hal_dma.o(i.HAL_DMA_Abort_IT)
    HAL_DMA_IRQHandler                       0x08001b41   Thumb Code   570  stm32f4xx_hal_dma.o(i.HAL_DMA_IRQHandler)
    HAL_DMA_Init                             0x08001d81   Thumb Code   232  stm32f4xx_hal_dma.o(i.HAL_DMA_Init)
    HAL_GPIO_EXTI_Callback                   0x08001e6d   Thumb Code     2  stm32f4xx_hal_gpio.o(i.HAL_GPIO_EXTI_Callback)
    HAL_GPIO_EXTI_IRQHandler                 0x08001e71   Thumb Code    24  stm32f4xx_hal_gpio.o(i.HAL_GPIO_EXTI_IRQHandler)
    HAL_GPIO_Init                            0x08001e8d   Thumb Code   454  stm32f4xx_hal_gpio.o(i.HAL_GPIO_Init)
    HAL_GPIO_ReadPin                         0x08002081   Thumb Code    16  stm32f4xx_hal_gpio.o(i.HAL_GPIO_ReadPin)
    HAL_GPIO_WritePin                        0x08002091   Thumb Code    12  stm32f4xx_hal_gpio.o(i.HAL_GPIO_WritePin)
    HAL_GetTick                              0x0800209d   Thumb Code     6  stm32f4xx_hal.o(i.HAL_GetTick)
    HAL_IncTick                              0x080020a9   Thumb Code    16  stm32f4xx_hal.o(i.HAL_IncTick)
    HAL_Init                                 0x080020c1   Thumb Code    54  stm32f4xx_hal.o(i.HAL_Init)
    HAL_InitTick                             0x080020fd   Thumb Code   162  stm32f4xx_hal_timebase_tim.o(i.HAL_InitTick)
    HAL_MspInit                              0x080021b1   Thumb Code    78  stm32f4xx_hal_msp.o(i.HAL_MspInit)
    HAL_NVIC_EnableIRQ                       0x08002205   Thumb Code    32  stm32f4xx_hal_cortex.o(i.HAL_NVIC_EnableIRQ)
    HAL_NVIC_SetPriority                     0x08002225   Thumb Code   124  stm32f4xx_hal_cortex.o(i.HAL_NVIC_SetPriority)
    HAL_NVIC_SetPriorityGrouping             0x080022a1   Thumb Code    32  stm32f4xx_hal_cortex.o(i.HAL_NVIC_SetPriorityGrouping)
    HAL_RCC_CSSCallback                      0x080022c9   Thumb Code     2  stm32f4xx_hal_rcc.o(i.HAL_RCC_CSSCallback)
    HAL_RCC_ClockConfig                      0x080022cd   Thumb Code   368  stm32f4xx_hal_rcc.o(i.HAL_RCC_ClockConfig)
    HAL_RCC_EnableCSS                        0x08002451   Thumb Code     8  stm32f4xx_hal_rcc.o(i.HAL_RCC_EnableCSS)
    HAL_RCC_GetClockConfig                   0x0800245d   Thumb Code    58  stm32f4xx_hal_rcc.o(i.HAL_RCC_GetClockConfig)
    HAL_RCC_GetHCLKFreq                      0x080024a1   Thumb Code     6  stm32f4xx_hal_rcc.o(i.HAL_RCC_GetHCLKFreq)
    HAL_RCC_GetPCLK1Freq                     0x080024ad   Thumb Code    22  stm32f4xx_hal_rcc.o(i.HAL_RCC_GetPCLK1Freq)
    HAL_RCC_GetPCLK2Freq                     0x080024cd   Thumb Code    22  stm32f4xx_hal_rcc.o(i.HAL_RCC_GetPCLK2Freq)
    HAL_RCC_GetSysClockFreq                  0x080024ed   Thumb Code   162  stm32f4xx_hal_rcc.o(i.HAL_RCC_GetSysClockFreq)
    HAL_RCC_NMI_IRQHandler                   0x0800259d   Thumb Code    28  stm32f4xx_hal_rcc.o(i.HAL_RCC_NMI_IRQHandler)
    HAL_RCC_OscConfig                        0x080025bd   Thumb Code  1172  stm32f4xx_hal_rcc.o(i.HAL_RCC_OscConfig)
    HAL_SPI_Init                             0x08002a59   Thumb Code   200  stm32f4xx_hal_spi.o(i.HAL_SPI_Init)
    HAL_SPI_MspInit                          0x08002b21   Thumb Code   180  spi.o(i.HAL_SPI_MspInit)
    HAL_SPI_TransmitReceive                  0x08002be5   Thumb Code   554  stm32f4xx_hal_spi.o(i.HAL_SPI_TransmitReceive)
    HAL_TIMEx_BreakCallback                  0x08002e0f   Thumb Code     2  stm32f4xx_hal_tim_ex.o(i.HAL_TIMEx_BreakCallback)
    HAL_TIMEx_CommutCallback                 0x08002e11   Thumb Code     2  stm32f4xx_hal_tim_ex.o(i.HAL_TIMEx_CommutCallback)
    HAL_TIMEx_MasterConfigSynchronization    0x08002e15   Thumb Code   150  stm32f4xx_hal_tim_ex.o(i.HAL_TIMEx_MasterConfigSynchronization)
    HAL_TIM_Base_Init                        0x08002ec9   Thumb Code   102  stm32f4xx_hal_tim.o(i.HAL_TIM_Base_Init)
    HAL_TIM_Base_MspInit                     0x08002f31   Thumb Code    88  tim.o(i.HAL_TIM_Base_MspInit)
    HAL_TIM_Base_Start_IT                    0x08002f95   Thumb Code   138  stm32f4xx_hal_tim.o(i.HAL_TIM_Base_Start_IT)
    HAL_TIM_ConfigClockSource                0x0800303d   Thumb Code   268  stm32f4xx_hal_tim.o(i.HAL_TIM_ConfigClockSource)
    HAL_TIM_IC_CaptureCallback               0x08003149   Thumb Code     2  stm32f4xx_hal_tim.o(i.HAL_TIM_IC_CaptureCallback)
    HAL_TIM_IRQHandler                       0x0800314b   Thumb Code   406  stm32f4xx_hal_tim.o(i.HAL_TIM_IRQHandler)
    HAL_TIM_MspPostInit                      0x080032e1   Thumb Code   158  tim.o(i.HAL_TIM_MspPostInit)
    HAL_TIM_OC_DelayElapsedCallback          0x08003395   Thumb Code     2  stm32f4xx_hal_tim.o(i.HAL_TIM_OC_DelayElapsedCallback)
    HAL_TIM_PWM_ConfigChannel                0x08003397   Thumb Code   260  stm32f4xx_hal_tim.o(i.HAL_TIM_PWM_ConfigChannel)
    HAL_TIM_PWM_Init                         0x0800349b   Thumb Code   102  stm32f4xx_hal_tim.o(i.HAL_TIM_PWM_Init)
    HAL_TIM_PWM_MspInit                      0x08003501   Thumb Code     2  stm32f4xx_hal_tim.o(i.HAL_TIM_PWM_MspInit)
    HAL_TIM_PWM_PulseFinishedCallback        0x08003503   Thumb Code     2  stm32f4xx_hal_tim.o(i.HAL_TIM_PWM_PulseFinishedCallback)
    HAL_TIM_PWM_Start                        0x08003505   Thumb Code   238  stm32f4xx_hal_tim.o(i.HAL_TIM_PWM_Start)
    HAL_TIM_PeriodElapsedCallback            0x08003611   Thumb Code    18  main.o(i.HAL_TIM_PeriodElapsedCallback)
    HAL_TIM_TriggerCallback                  0x08003623   Thumb Code     2  stm32f4xx_hal_tim.o(i.HAL_TIM_TriggerCallback)
    HAL_UARTEx_RxEventCallback               0x08003625   Thumb Code    86  bsp_uart.o(i.HAL_UARTEx_RxEventCallback)
    HAL_UART_ErrorCallback                   0x08003685   Thumb Code     2  stm32f4xx_hal_uart.o(i.HAL_UART_ErrorCallback)
    HAL_UART_IRQHandler                      0x08003689   Thumb Code   732  stm32f4xx_hal_uart.o(i.HAL_UART_IRQHandler)
    HAL_UART_Init                            0x08003969   Thumb Code   114  stm32f4xx_hal_uart.o(i.HAL_UART_Init)
    HAL_UART_MspInit                         0x080039dd   Thumb Code   514  usart.o(i.HAL_UART_MspInit)
    HAL_UART_Receive                         0x08003c0d   Thumb Code   220  stm32f4xx_hal_uart.o(i.HAL_UART_Receive)
    HAL_UART_RxCpltCallback                  0x08003ce9   Thumb Code     2  stm32f4xx_hal_uart.o(i.HAL_UART_RxCpltCallback)
    HAL_UART_TxCpltCallback                  0x08003ceb   Thumb Code     2  stm32f4xx_hal_uart.o(i.HAL_UART_TxCpltCallback)
    HardFault_Handler                        0x08003d11   Thumb Code     4  stm32f4xx_it.o(i.HardFault_Handler)
    INS_Task                                 0x08003d15   Thumb Code    12  freertos.o(i.INS_Task)
    MCU_Init                                 0x08003d21   Thumb Code    26  bsp_mcu.o(i.MCU_Init)
    MX_CAN1_Init                             0x08003d3d   Thumb Code    62  can.o(i.MX_CAN1_Init)
    MX_CAN2_Init                             0x08003d85   Thumb Code    62  can.o(i.MX_CAN2_Init)
    MX_DMA_Init                              0x08003dcd   Thumb Code   114  dma.o(i.MX_DMA_Init)
    MX_FREERTOS_Init                         0x08003e45   Thumb Code   198  freertos.o(i.MX_FREERTOS_Init)
    MX_GPIO_Init                             0x08003f31   Thumb Code   372  gpio.o(i.MX_GPIO_Init)
    MX_SPI1_Init                             0x080040b9   Thumb Code    60  spi.o(i.MX_SPI1_Init)
    MX_TIM10_Init                            0x080040fd   Thumb Code   100  tim.o(i.MX_TIM10_Init)
    MX_TIM4_Init                             0x08004169   Thumb Code   154  tim.o(i.MX_TIM4_Init)
    MX_USART1_UART_Init                      0x0800420d   Thumb Code    46  usart.o(i.MX_USART1_UART_Init)
    MX_USART3_UART_Init                      0x08004245   Thumb Code    44  usart.o(i.MX_USART3_UART_Init)
    MemManage_Handler                        0x0800427d   Thumb Code     4  stm32f4xx_it.o(i.MemManage_Handler)
    NMI_Handler                              0x08004281   Thumb Code     8  stm32f4xx_it.o(i.NMI_Handler)
    PID_Init                                 0x080042ed   Thumb Code    38  pid.o(i.PID_Init)
    Referee_Frame_Update                     0x08004579   Thumb Code   116  referee_info.o(i.Referee_Frame_Update)
    Remote_Message_Moniter                   0x080047bf   Thumb Code    42  remote_control.o(i.Remote_Message_Moniter)
    SBUS_TO_RC                               0x080047e9   Thumb Code   220  remote_control.o(i.SBUS_TO_RC)
    SysTick_Handler                          0x08004a09   Thumb Code    46  port.o(i.SysTick_Handler)
    SystemClock_Config                       0x08004a3d   Thumb Code   174  main.o(i.SystemClock_Config)
    SystemInit                               0x08004af5   Thumb Code    14  system_stm32f4xx.o(i.SystemInit)
    TIM2_IRQHandler                          0x08004b09   Thumb Code    10  stm32f4xx_it.o(i.TIM2_IRQHandler)
    TIM_Base_SetConfig                       0x08004b19   Thumb Code   170  stm32f4xx_hal_tim.o(i.TIM_Base_SetConfig)
    TIM_CCxChannelCmd                        0x08004bf1   Thumb Code    34  stm32f4xx_hal_tim.o(i.TIM_CCxChannelCmd)
    TIM_ETR_SetConfig                        0x08004c13   Thumb Code    22  stm32f4xx_hal_tim.o(i.TIM_ETR_SetConfig)
    TIM_OC2_SetConfig                        0x08004cad   Thumb Code   114  stm32f4xx_hal_tim.o(i.TIM_OC2_SetConfig)
    USART1_IRQHandler                        0x080052fd   Thumb Code    10  stm32f4xx_it.o(i.USART1_IRQHandler)
    USART3_IRQHandler                        0x0800530d   Thumb Code    10  stm32f4xx_it.o(i.USART3_IRQHandler)
    USER_CAN_TxMessage                       0x080053ad   Thumb Code    34  bsp_can.o(i.USER_CAN_TxMessage)
    UsageFault_Handler                       0x080054ed   Thumb Code     4  stm32f4xx_it.o(i.UsageFault_Handler)
    Usart_Task                               0x080054f1   Thumb Code    10  usart_task.o(i.Usart_Task)
    encoder_to_angle                         0x0800556d   Thumb Code   278  motor.o(i.encoder_to_angle)
    f_PID_Calculate                          0x0800578d   Thumb Code   556  pid.o(i.f_PID_Calculate)
    get_CRC16_check_sum                      0x08005a11   Thumb Code    46  crc.o(i.get_CRC16_check_sum)
    get_CRC8_check_sum                       0x08005a45   Thumb Code    30  crc.o(i.get_CRC8_check_sum)
    get_Motor_Data                           0x08005a69   Thumb Code   174  motor.o(i.get_Motor_Data)
    gimbal_Task                              0x08005b21   Thumb Code   100  gimbal_task.o(i.gimbal_Task)
    main                                     0x08005b99   Thumb Code    74  main.o(i.main)
    osDelay                                  0x08005bfb   Thumb Code    24  cmsis_os.o(i.osDelay)
    osKernelStart                            0x08005c13   Thumb Code    10  cmsis_os.o(i.osKernelStart)
    osThreadCreate                           0x08005c1d   Thumb Code    94  cmsis_os.o(i.osThreadCreate)
    pvPortMalloc                             0x08006119   Thumb Code   306  heap_4.o(i.pvPortMalloc)
    pxPortInitialiseStack                    0x08006265   Thumb Code    38  port.o(i.pxPortInitialiseStack)
    uxListRemove                             0x08006291   Thumb Code    40  list.o(i.uxListRemove)
    vApplicationGetIdleTaskMemory            0x080062b9   Thumb Code    16  freertos.o(i.vApplicationGetIdleTaskMemory)
    vListInitialise                          0x080062d1   Thumb Code    26  list.o(i.vListInitialise)
    vListInitialiseItem                      0x080062eb   Thumb Code     6  list.o(i.vListInitialiseItem)
    vListInsert                              0x080062f1   Thumb Code    52  list.o(i.vListInsert)
    vListInsertEnd                           0x08006325   Thumb Code    24  list.o(i.vListInsertEnd)
    vPortEnterCritical                       0x0800633d   Thumb Code    76  port.o(i.vPortEnterCritical)
    vPortExitCritical                        0x08006391   Thumb Code    56  port.o(i.vPortExitCritical)
    vPortFree                                0x080063cd   Thumb Code   150  heap_4.o(i.vPortFree)
    vPortSetupTimerInterrupt                 0x08006471   Thumb Code    36  port.o(i.vPortSetupTimerInterrupt)
    vTaskDelay                               0x08006499   Thumb Code    82  tasks.o(i.vTaskDelay)
    vTaskStartScheduler                      0x080064f5   Thumb Code   146  tasks.o(i.vTaskStartScheduler)
    vTaskSuspendAll                          0x080065a5   Thumb Code    12  tasks.o(i.vTaskSuspendAll)
    vTaskSwitchContext                       0x080065b5   Thumb Code   118  tasks.o(i.vTaskSwitchContext)
    verify_CRC16_check_sum                   0x08006641   Thumb Code    60  crc.o(i.verify_CRC16_check_sum)
    verify_CRC8_check_sum                    0x08006681   Thumb Code    46  crc.o(i.verify_CRC8_check_sum)
    xPortStartScheduler                      0x080066b1   Thumb Code   330  port.o(i.xPortStartScheduler)
    xTaskCreate                              0x08006819   Thumb Code   100  tasks.o(i.xTaskCreate)
    xTaskCreateStatic                        0x0800687d   Thumb Code   186  tasks.o(i.xTaskCreateStatic)
    xTaskIncrementTick                       0x08006939   Thumb Code   282  tasks.o(i.xTaskIncrementTick)
    xTaskResumeAll                           0x08006a81   Thumb Code   224  tasks.o(i.xTaskResumeAll)
    _fp_init                                 0x08006b85   Thumb Code    10  fpinit.o(x$fpl$fpinit)
    __fplib_config_fpu_vfp                   0x08006b8d   Thumb Code     0  fpinit.o(x$fpl$fpinit)
    __fplib_config_pureend_doubles           0x08006b8d   Thumb Code     0  fpinit.o(x$fpl$fpinit)
    CRC8_INIT                                0x08006b8e   Data           1  crc.o(.constdata)
    CRC8_table                               0x08006b8f   Data         256  crc.o(.constdata)
    wCRC_table                               0x08006c90   Data         512  crc.o(.constdata)
    AHBPrescTable                            0x08006f70   Data          16  system_stm32f4xx.o(.constdata)
    APBPrescTable                            0x08006f80   Data           8  system_stm32f4xx.o(.constdata)
    sinTable_f32                             0x08006f90   Data        2052  arm_common_tables.o(.constdata)
    Region$$Table$$Base                      0x08007814   Number         0  anon$$obj.o(Region$$Table)
    Region$$Table$$Limit                     0x08007834   Number         0  anon$$obj.o(Region$$Table)
    Wheel_PID_Param_A_velocity               0x20000000   Data          24  chassis_task.o(.data)
    Wheel_PID_Param_B_velocity               0x20000018   Data          24  chassis_task.o(.data)
    Wheel_PID_Param_C_velocity               0x20000030   Data          24  chassis_task.o(.data)
    Wheel_PID_Param_Angle_Chassis_A1_PID     0x20000048   Data          24  chassis_task.o(.data)
    Wheel_PID_Param_Angle_Chassis_A2_PID     0x20000060   Data          24  chassis_task.o(.data)
    Wheel_PID_Param_Angle_Chassis_A3_PID     0x20000078   Data          24  chassis_task.o(.data)
    i                                        0x20000090   Data           4  gimbal_task.o(.data)
    m                                        0x20000094   Data           4  gimbal_task.o(.data)
    n                                        0x20000098   Data           4  gimbal_task.o(.data)
    Gimbal_PID_v1_Param                      0x2000009c   Data          24  gimbal_task.o(.data)
    Gimbal_PID_v2_Param                      0x200000b4   Data          24  gimbal_task.o(.data)
    Gimbal_PID_v3_Param                      0x200000cc   Data          24  gimbal_task.o(.data)
    Gimbal_PID_v4_Param                      0x200000e4   Data          24  gimbal_task.o(.data)
    Angle_PID_A1_Param                       0x200000fc   Data          24  gimbal_task.o(.data)
    Angle_PID_A2_Param                       0x20000114   Data          24  gimbal_task.o(.data)
    Angle_PID_A3_Param                       0x2000012c   Data          24  gimbal_task.o(.data)
    Angle_PID_A4_Param                       0x20000144   Data          24  gimbal_task.o(.data)
    GimbalTxFrame                            0x2000015c   Data          36  bsp_can.o(.data)
    ChassisTxFrame                           0x20000180   Data          36  bsp_can.o(.data)
    chassis_pitangle                         0x200001a4   Data           4  bsp_can.o(.data)
    gimbal_pitangle                          0x200001a8   Data           4  bsp_can.o(.data)
    SysTime                                  0x200001b0   Data           8  bsp_dwt.o(.data)
    CYCCNT64                                 0x200001b8   Data           8  bsp_dwt.o(.data)
    CRC16_INIT                               0x200001f0   Data           2  crc.o(.data)
    Chassis_motor                            0x20000220   Data          84  motor.o(.data)
    Gimbal_motor                             0x20000274   Data         112  motor.o(.data)
    remote_ctrl                              0x200002e4   Data          24  remote_control.o(.data)
    StartINSTaskHandle                       0x20000304   Data           4  freertos.o(.data)
    StartDetectTaskHandle                    0x20000308   Data           4  freertos.o(.data)
    StartUsartTaskHandle                     0x2000030c   Data           4  freertos.o(.data)
    StartCANTxTaskHandle                     0x20000310   Data           4  freertos.o(.data)
    StartChassis_TaHandle                    0x20000314   Data           4  freertos.o(.data)
    StartGimbal_TasHandle                    0x20000318   Data           4  freertos.o(.data)
    StartCAN2TxTaskHandle                    0x2000031c   Data           4  freertos.o(.data)
    StartGPIO_TaskHandle                     0x20000320   Data           4  freertos.o(.data)
    SystemCoreClock                          0x20000328   Data           4  system_stm32f4xx.o(.data)
    pxCurrentTCB                             0x2000032c   Data           4  tasks.o(.data)
    uwTick                                   0x20000394   Data           4  stm32f4xx_hal.o(.data)
    uwTickPrio                               0x20000398   Data           4  stm32f4xx_hal.o(.data)
    uwTickFreq                               0x2000039c   Data           1  stm32f4xx_hal.o(.data)
    Chassis_Info                             0x200003a0   Data          40  chassis_task.o(.bss)
    Chassis_PID_v1                           0x200003c8   Data          80  chassis_task.o(.bss)
    Chassis_PID_v2                           0x20000418   Data          80  chassis_task.o(.bss)
    Chassis_PID_v3                           0x20000468   Data          80  chassis_task.o(.bss)
    Chassis_PID_v4                           0x200004b8   Data          80  chassis_task.o(.bss)
    Angle_Chassis_A1_PID                     0x20000508   Data          80  chassis_task.o(.bss)
    Angle_Chassis_A2_PID                     0x20000558   Data          80  chassis_task.o(.bss)
    Angle_Chassis_A3_PID                     0x200005a8   Data          80  chassis_task.o(.bss)
    Angle_Chassis_A4_PID                     0x200005f8   Data          80  chassis_task.o(.bss)
    Gimbal_Info                              0x20000648   Data          64  gimbal_task.o(.bss)
    Gimbal_PID_v1                            0x20000688   Data          80  gimbal_task.o(.bss)
    Gimbal_PID_v2                            0x200006d8   Data          80  gimbal_task.o(.bss)
    Gimbal_PID_v3                            0x20000728   Data          80  gimbal_task.o(.bss)
    Gimbal_PID_v4                            0x20000778   Data          80  gimbal_task.o(.bss)
    Angle_Gimbal_A1_PID                      0x200007c8   Data          80  gimbal_task.o(.bss)
    Angle_Gimbal_A2_PID                      0x20000818   Data          80  gimbal_task.o(.bss)
    Angle_Gimbal_A3_PID                      0x20000868   Data          80  gimbal_task.o(.bss)
    Angle_Gimbal_A4_PID                      0x200008b8   Data          80  gimbal_task.o(.bss)
    hcanRxFrame                              0x20000908   Data          40  bsp_can.o(.bss)
    BMI088_Info                              0x20000930   Data          60  bmi088.o(.bss)
    REFEREE_MultiRx_Buf                      0x2000096c   Data         200  referee_info.o(.bss)
    Referee_Info                             0x20000a34   Data          56  referee_info.o(.bss)
    SBUS_MultiRx_Buf                         0x20000a6c   Data          72  remote_control.o(.bss)
    date                                     0x20000ab4   Data          50  main.o(.bss)
    hcan1                                    0x20000f3c   Data          40  can.o(.bss)
    hcan2                                    0x20000f64   Data          40  can.o(.bss)
    hspi1                                    0x20000f8c   Data          88  spi.o(.bss)
    htim4                                    0x20000fe4   Data          72  tim.o(.bss)
    htim10                                   0x2000102c   Data          72  tim.o(.bss)
    huart1                                   0x20001074   Data          68  usart.o(.bss)
    huart3                                   0x200010b8   Data          68  usart.o(.bss)
    hdma_usart1_rx                           0x200010fc   Data          96  usart.o(.bss)
    hdma_usart1_tx                           0x2000115c   Data          96  usart.o(.bss)
    hdma_usart3_rx                           0x200011bc   Data          96  usart.o(.bss)
    htim2                                    0x2000121c   Data          72  stm32f4xx_hal_timebase_tim.o(.bss)
    __libspace_start                         0x20007354   Data          96  libspace.o(.bss)
    __temporary_stack_top$libspace           0x200073b4   Data           0  libspace.o(.bss)



==============================================================================

Memory Map of the image

  Image Entry point : 0x08000189

  Load Region LR_IROM1 (Base: 0x08000000, Size: 0x00007bd4, Max: 0x00100000, ABSOLUTE, COMPRESSED[0x000078d8])

    Execution Region ER_IROM1 (Exec base: 0x08000000, Load base: 0x08000000, Size: 0x00007834, Max: 0x00100000, ABSOLUTE)

    Exec Addr    Load Addr    Size         Type   Attr      Idx    E Section Name        Object

    0x08000000   0x08000000   0x00000188   Data   RO         1838    RESET               startup_stm32f407xx.o
    0x08000188   0x08000188   0x00000008   Code   RO         6717  * !!!main             c_w.l(__main.o)
    0x08000190   0x08000190   0x00000034   Code   RO         7282    !!!scatter          c_w.l(__scatter.o)
    0x080001c4   0x080001c4   0x0000005a   Code   RO         7280    !!dczerorl2         c_w.l(__dczerorl2.o)
    0x0800021e   0x0800021e   0x00000002   PAD
    0x08000220   0x08000220   0x0000001c   Code   RO         7284    !!handler_zi        c_w.l(__scatter_zi.o)
    0x0800023c   0x0800023c   0x00000002   Code   RO         7208    .ARM.Collect$$libinit$$00000000  c_w.l(libinit.o)
    0x0800023e   0x0800023e   0x00000004   Code   RO         6924    .ARM.Collect$$libinit$$00000001  c_w.l(libinit2.o)
    0x08000242   0x08000242   0x00000000   Code   RO         6927    .ARM.Collect$$libinit$$00000004  c_w.l(libinit2.o)
    0x08000242   0x08000242   0x00000000   Code   RO         6930    .ARM.Collect$$libinit$$0000000A  c_w.l(libinit2.o)
    0x08000242   0x08000242   0x00000000   Code   RO         6932    .ARM.Collect$$libinit$$0000000C  c_w.l(libinit2.o)
    0x08000242   0x08000242   0x00000000   Code   RO         6934    .ARM.Collect$$libinit$$0000000E  c_w.l(libinit2.o)
    0x08000242   0x08000242   0x00000000   Code   RO         6937    .ARM.Collect$$libinit$$00000011  c_w.l(libinit2.o)
    0x08000242   0x08000242   0x00000000   Code   RO         6939    .ARM.Collect$$libinit$$00000013  c_w.l(libinit2.o)
    0x08000242   0x08000242   0x00000000   Code   RO         6941    .ARM.Collect$$libinit$$00000015  c_w.l(libinit2.o)
    0x08000242   0x08000242   0x00000000   Code   RO         6943    .ARM.Collect$$libinit$$00000017  c_w.l(libinit2.o)
    0x08000242   0x08000242   0x00000000   Code   RO         6945    .ARM.Collect$$libinit$$00000019  c_w.l(libinit2.o)
    0x08000242   0x08000242   0x00000000   Code   RO         6947    .ARM.Collect$$libinit$$0000001B  c_w.l(libinit2.o)
    0x08000242   0x08000242   0x00000000   Code   RO         6949    .ARM.Collect$$libinit$$0000001D  c_w.l(libinit2.o)
    0x08000242   0x08000242   0x00000000   Code   RO         6951    .ARM.Collect$$libinit$$0000001F  c_w.l(libinit2.o)
    0x08000242   0x08000242   0x00000000   Code   RO         6953    .ARM.Collect$$libinit$$00000021  c_w.l(libinit2.o)
    0x08000242   0x08000242   0x00000000   Code   RO         6955    .ARM.Collect$$libinit$$00000023  c_w.l(libinit2.o)
    0x08000242   0x08000242   0x00000000   Code   RO         6957    .ARM.Collect$$libinit$$00000025  c_w.l(libinit2.o)
    0x08000242   0x08000242   0x00000000   Code   RO         6961    .ARM.Collect$$libinit$$0000002C  c_w.l(libinit2.o)
    0x08000242   0x08000242   0x00000000   Code   RO         6963    .ARM.Collect$$libinit$$0000002E  c_w.l(libinit2.o)
    0x08000242   0x08000242   0x00000000   Code   RO         6965    .ARM.Collect$$libinit$$00000030  c_w.l(libinit2.o)
    0x08000242   0x08000242   0x00000000   Code   RO         6967    .ARM.Collect$$libinit$$00000032  c_w.l(libinit2.o)
    0x08000242   0x08000242   0x00000002   Code   RO         6968    .ARM.Collect$$libinit$$00000033  c_w.l(libinit2.o)
    0x08000244   0x08000244   0x00000002   Code   RO         7277    .ARM.Collect$$libshutdown$$00000000  c_w.l(libshutdown.o)
    0x08000246   0x08000246   0x00000000   Code   RO         7233    .ARM.Collect$$libshutdown$$00000002  c_w.l(libshutdown2.o)
    0x08000246   0x08000246   0x00000000   Code   RO         7235    .ARM.Collect$$libshutdown$$00000004  c_w.l(libshutdown2.o)
    0x08000246   0x08000246   0x00000000   Code   RO         7237    .ARM.Collect$$libshutdown$$00000006  c_w.l(libshutdown2.o)
    0x08000246   0x08000246   0x00000000   Code   RO         7240    .ARM.Collect$$libshutdown$$00000009  c_w.l(libshutdown2.o)
    0x08000246   0x08000246   0x00000000   Code   RO         7243    .ARM.Collect$$libshutdown$$0000000C  c_w.l(libshutdown2.o)
    0x08000246   0x08000246   0x00000000   Code   RO         7245    .ARM.Collect$$libshutdown$$0000000E  c_w.l(libshutdown2.o)
    0x08000246   0x08000246   0x00000000   Code   RO         7248    .ARM.Collect$$libshutdown$$00000011  c_w.l(libshutdown2.o)
    0x08000246   0x08000246   0x00000002   Code   RO         7249    .ARM.Collect$$libshutdown$$00000012  c_w.l(libshutdown2.o)
    0x08000248   0x08000248   0x00000000   Code   RO         6791    .ARM.Collect$$rtentry$$00000000  c_w.l(__rtentry.o)
    0x08000248   0x08000248   0x00000000   Code   RO         7075    .ARM.Collect$$rtentry$$00000002  c_w.l(__rtentry2.o)
    0x08000248   0x08000248   0x00000006   Code   RO         7087    .ARM.Collect$$rtentry$$00000004  c_w.l(__rtentry4.o)
    0x0800024e   0x0800024e   0x00000000   Code   RO         7077    .ARM.Collect$$rtentry$$00000009  c_w.l(__rtentry2.o)
    0x0800024e   0x0800024e   0x00000004   Code   RO         7078    .ARM.Collect$$rtentry$$0000000A  c_w.l(__rtentry2.o)
    0x08000252   0x08000252   0x00000000   Code   RO         7080    .ARM.Collect$$rtentry$$0000000C  c_w.l(__rtentry2.o)
    0x08000252   0x08000252   0x00000008   Code   RO         7081    .ARM.Collect$$rtentry$$0000000D  c_w.l(__rtentry2.o)
    0x0800025a   0x0800025a   0x00000002   Code   RO         7215    .ARM.Collect$$rtexit$$00000000  c_w.l(rtexit.o)
    0x0800025c   0x0800025c   0x00000000   Code   RO         7253    .ARM.Collect$$rtexit$$00000002  c_w.l(rtexit2.o)
    0x0800025c   0x0800025c   0x00000004   Code   RO         7254    .ARM.Collect$$rtexit$$00000003  c_w.l(rtexit2.o)
    0x08000260   0x08000260   0x00000006   Code   RO         7255    .ARM.Collect$$rtexit$$00000004  c_w.l(rtexit2.o)
    0x08000266   0x08000266   0x00000002   PAD
    0x08000268   0x08000268   0x000000be   Code   RO         3173    .emb_text           port.o
    0x08000326   0x08000326   0x00000002   PAD
    0x08000328   0x08000328   0x00000040   Code   RO         1839    .text               startup_stm32f407xx.o
    0x08000368   0x08000368   0x00000078   Code   RO         6342    .text               arm_cortexM4lf_math.lib(arm_cos_f32.o)
    0x080003e0   0x080003e0   0x00000094   Code   RO         6392    .text               arm_cortexM4lf_math.lib(arm_sin_f32.o)
    0x08000474   0x08000474   0x000000ee   Code   RO         6697    .text               c_w.l(lludivv7m.o)
    0x08000562   0x08000562   0x00000064   Code   RO         6705    .text               c_w.l(rt_memcpy_w.o)
    0x080005c6   0x080005c6   0x00000010   Code   RO         6709    .text               c_w.l(aeabi_memset.o)
    0x080005d6   0x080005d6   0x00000044   Code   RO         6711    .text               c_w.l(rt_memclr.o)
    0x0800061a   0x0800061a   0x0000004e   Code   RO         6713    .text               c_w.l(rt_memclr_w.o)
    0x08000668   0x08000668   0x00000006   Code   RO         6715    .text               c_w.l(heapauxi.o)
    0x0800066e   0x0800066e   0x00000002   PAD
    0x08000670   0x08000670   0x00000008   Code   RO         7071    .text               c_w.l(libspace.o)
    0x08000678   0x08000678   0x00000002   Code   RO         7143    .text               c_w.l(use_no_semi.o)
    0x0800067a   0x0800067a   0x00000000   Code   RO         7145    .text               c_w.l(indicate_semi.o)
    0x0800067a   0x0800067a   0x0000004a   Code   RO         7146    .text               c_w.l(sys_stackheap_outer.o)
    0x080006c4   0x080006c4   0x00000012   Code   RO         7189    .text               c_w.l(exit.o)
    0x080006d6   0x080006d6   0x00000002   PAD
    0x080006d8   0x080006d8   0x0000000c   Code   RO         7213    .text               c_w.l(sys_exit.o)
    0x080006e4   0x080006e4   0x00000014   Code   RO          626    i.BMI088_ACCEL_NS_H  bsp_gpio.o
    0x080006f8   0x080006f8   0x00000014   Code   RO          627    i.BMI088_ACCEL_NS_L  bsp_gpio.o
    0x0800070c   0x0800070c   0x00000124   Code   RO         1077    i.BMI088_Accel_Init  bmi088.o
    0x08000830   0x08000830   0x00000014   Code   RO          628    i.BMI088_GYRO_NS_H  bsp_gpio.o
    0x08000844   0x08000844   0x00000014   Code   RO          629    i.BMI088_GYRO_NS_L  bsp_gpio.o
    0x08000858   0x08000858   0x000000f0   Code   RO         1078    i.BMI088_Gyro_Init  bmi088.o
    0x08000948   0x08000948   0x00000028   Code   RO         1080    i.BMI088_Init       bmi088.o
    0x08000970   0x08000970   0x0000002c   Code   RO         1081    i.BMI088_Offset_Update  bmi088.o
    0x0800099c   0x0800099c   0x00000018   Code   RO         1083    i.BMI088_Read_Single_Reg  bmi088.o
    0x080009b4   0x080009b4   0x00000024   Code   RO          711    i.BMI088_Read_Write_Byte  bsp_spi.o
    0x080009d8   0x080009d8   0x00000014   Code   RO         1084    i.BMI088_Write_Single_Reg  bmi088.o
    0x080009ec   0x080009ec   0x00000068   Code   RO          493    i.BSP_CAN_Init      bsp_can.o
    0x08000a54   0x08000a54   0x00000068   Code   RO          549    i.BSP_DWT_Init      bsp_dwt.o
    0x08000abc   0x08000abc   0x00000024   Code   RO          819    i.BSP_USART_Init    bsp_uart.o
    0x08000ae0   0x08000ae0   0x00000010   Code   RO          780    i.Bsp_Tim_Init      bsp_tim.o
    0x08000af0   0x08000af0   0x00000004   Code   RO         1664    i.BusFault_Handler  stm32f4xx_it.o
    0x08000af4   0x08000af4   0x00000050   Code   RO          332    i.CAN1Tx_Task       cantx_task.o
    0x08000b44   0x08000b44   0x00000010   Code   RO         1665    i.CAN1_RX0_IRQHandler  stm32f4xx_it.o
    0x08000b54   0x08000b54   0x00000038   Code   RO          494    i.CAN1_rxDataHandler  bsp_can.o
    0x08000b8c   0x08000b8c   0x00000070   Code   RO          333    i.CAN2Tx_Task       cantx_task.o
    0x08000bfc   0x08000bfc   0x00000010   Code   RO         1666    i.CAN2_RX0_IRQHandler  stm32f4xx_it.o
    0x08000c0c   0x08000c0c   0x00000044   Code   RO          495    i.CAN2_rxDataHandler  bsp_can.o
    0x08000c50   0x08000c50   0x00000034   Code   RO          380    i.Chassis_Task      chassis_task.o
    0x08000c84   0x08000c84   0x00000068   Code   RO          381    i.Chassis_Task_Init  chassis_task.o
    0x08000cec   0x08000cec   0x00000010   Code   RO         1667    i.DMA1_Stream1_IRQHandler  stm32f4xx_it.o
    0x08000cfc   0x08000cfc   0x00000010   Code   RO         1668    i.DMA2_Stream2_IRQHandler  stm32f4xx_it.o
    0x08000d0c   0x08000d0c   0x00000010   Code   RO         1669    i.DMA2_Stream7_IRQHandler  stm32f4xx_it.o
    0x08000d1c   0x08000d1c   0x00000034   Code   RO         3991    i.DMA_CalcBaseAndBitshift  stm32f4xx_hal_dma.o
    0x08000d50   0x08000d50   0x000000aa   Code   RO         3992    i.DMA_CheckFifoParam  stm32f4xx_hal_dma.o
    0x08000dfa   0x08000dfa   0x00000002   Code   RO         1670    i.DebugMon_Handler  stm32f4xx_it.o
    0x08000dfc   0x08000dfc   0x00000018   Code   RO          742    i.Delay_ms          bsp_tick.o
    0x08000e14   0x08000e14   0x00000018   Code   RO          743    i.Delay_us          bsp_tick.o
    0x08000e2c   0x08000e2c   0x00000014   Code   RO          105    i.Detect_Task       detect_task.o
    0x08000e40   0x08000e40   0x00000012   Code   RO         1671    i.EXTI9_5_IRQHandler  stm32f4xx_it.o
    0x08000e52   0x08000e52   0x00000006   Code   RO         1291    i.Error_Handler     main.o
    0x08000e58   0x08000e58   0x0000000c   Code   RO         1367    i.GPIO_Task         freertos.o
    0x08000e64   0x08000e64   0x00000164   Code   RO          439    i.Gimbal            gimbal_task.o
    0x08000fc8   0x08000fc8   0x00000094   Code   RO          440    i.Gimbal_Task_Init  gimbal_task.o
    0x0800105c   0x0800105c   0x0000002a   Code   RO         3254    i.HAL_CAN_ActivateNotification  stm32f4xx_hal_can.o
    0x08001086   0x08001086   0x00000156   Code   RO         3255    i.HAL_CAN_AddTxMessage  stm32f4xx_hal_can.o
    0x080011dc   0x080011dc   0x00000124   Code   RO         3256    i.HAL_CAN_ConfigFilter  stm32f4xx_hal_can.o
    0x08001300   0x08001300   0x00000002   Code   RO         3259    i.HAL_CAN_ErrorCallback  stm32f4xx_hal_can.o
    0x08001302   0x08001302   0x0000017a   Code   RO         3262    i.HAL_CAN_GetRxMessage  stm32f4xx_hal_can.o
    0x0800147c   0x0800147c   0x0000024e   Code   RO         3266    i.HAL_CAN_IRQHandler  stm32f4xx_hal_can.o
    0x080016ca   0x080016ca   0x00000174   Code   RO         3267    i.HAL_CAN_Init      stm32f4xx_hal_can.o
    0x0800183e   0x0800183e   0x00000002   PAD
    0x08001840   0x08001840   0x00000160   Code   RO         1448    i.HAL_CAN_MspInit   can.o
    0x080019a0   0x080019a0   0x00000002   Code   RO         3274    i.HAL_CAN_RxFifo0FullCallback  stm32f4xx_hal_can.o
    0x080019a2   0x080019a2   0x00000002   PAD
    0x080019a4   0x080019a4   0x00000054   Code   RO          496    i.HAL_CAN_RxFifo0MsgPendingCallback  bsp_can.o
    0x080019f8   0x080019f8   0x00000002   Code   RO         3276    i.HAL_CAN_RxFifo1FullCallback  stm32f4xx_hal_can.o
    0x080019fa   0x080019fa   0x00000002   Code   RO         3277    i.HAL_CAN_RxFifo1MsgPendingCallback  stm32f4xx_hal_can.o
    0x080019fc   0x080019fc   0x00000002   Code   RO         3278    i.HAL_CAN_SleepCallback  stm32f4xx_hal_can.o
    0x080019fe   0x080019fe   0x0000005e   Code   RO         3279    i.HAL_CAN_Start     stm32f4xx_hal_can.o
    0x08001a5c   0x08001a5c   0x00000002   Code   RO         3281    i.HAL_CAN_TxMailbox0AbortCallback  stm32f4xx_hal_can.o
    0x08001a5e   0x08001a5e   0x00000002   Code   RO         3282    i.HAL_CAN_TxMailbox0CompleteCallback  stm32f4xx_hal_can.o
    0x08001a60   0x08001a60   0x00000002   Code   RO         3283    i.HAL_CAN_TxMailbox1AbortCallback  stm32f4xx_hal_can.o
    0x08001a62   0x08001a62   0x00000002   Code   RO         3284    i.HAL_CAN_TxMailbox1CompleteCallback  stm32f4xx_hal_can.o
    0x08001a64   0x08001a64   0x00000002   Code   RO         3285    i.HAL_CAN_TxMailbox2AbortCallback  stm32f4xx_hal_can.o
    0x08001a66   0x08001a66   0x00000002   Code   RO         3286    i.HAL_CAN_TxMailbox2CompleteCallback  stm32f4xx_hal_can.o
    0x08001a68   0x08001a68   0x00000002   Code   RO         3288    i.HAL_CAN_WakeUpFromRxMsgCallback  stm32f4xx_hal_can.o
    0x08001a6a   0x08001a6a   0x000000ac   Code   RO         3994    i.HAL_DMA_Abort     stm32f4xx_hal_dma.o
    0x08001b16   0x08001b16   0x00000028   Code   RO         3995    i.HAL_DMA_Abort_IT  stm32f4xx_hal_dma.o
    0x08001b3e   0x08001b3e   0x00000002   PAD
    0x08001b40   0x08001b40   0x00000240   Code   RO         3999    i.HAL_DMA_IRQHandler  stm32f4xx_hal_dma.o
    0x08001d80   0x08001d80   0x000000ec   Code   RO         4000    i.HAL_DMA_Init      stm32f4xx_hal_dma.o
    0x08001e6c   0x08001e6c   0x00000002   Code   RO         3885    i.HAL_GPIO_EXTI_Callback  stm32f4xx_hal_gpio.o
    0x08001e6e   0x08001e6e   0x00000002   PAD
    0x08001e70   0x08001e70   0x0000001c   Code   RO         3886    i.HAL_GPIO_EXTI_IRQHandler  stm32f4xx_hal_gpio.o
    0x08001e8c   0x08001e8c   0x000001f4   Code   RO         3887    i.HAL_GPIO_Init     stm32f4xx_hal_gpio.o
    0x08002080   0x08002080   0x00000010   Code   RO         3889    i.HAL_GPIO_ReadPin  stm32f4xx_hal_gpio.o
    0x08002090   0x08002090   0x0000000c   Code   RO         3891    i.HAL_GPIO_WritePin  stm32f4xx_hal_gpio.o
    0x0800209c   0x0800209c   0x0000000c   Code   RO         4424    i.HAL_GetTick       stm32f4xx_hal.o
    0x080020a8   0x080020a8   0x00000018   Code   RO         4430    i.HAL_IncTick       stm32f4xx_hal.o
    0x080020c0   0x080020c0   0x0000003c   Code   RO         4431    i.HAL_Init          stm32f4xx_hal.o
    0x080020fc   0x080020fc   0x000000b4   Code   RO         1800    i.HAL_InitTick      stm32f4xx_hal_timebase_tim.o
    0x080021b0   0x080021b0   0x00000054   Code   RO         1776    i.HAL_MspInit       stm32f4xx_hal_msp.o
    0x08002204   0x08002204   0x00000020   Code   RO         4276    i.HAL_NVIC_EnableIRQ  stm32f4xx_hal_cortex.o
    0x08002224   0x08002224   0x0000007c   Code   RO         4282    i.HAL_NVIC_SetPriority  stm32f4xx_hal_cortex.o
    0x080022a0   0x080022a0   0x00000028   Code   RO         4283    i.HAL_NVIC_SetPriorityGrouping  stm32f4xx_hal_cortex.o
    0x080022c8   0x080022c8   0x00000002   Code   RO         3487    i.HAL_RCC_CSSCallback  stm32f4xx_hal_rcc.o
    0x080022ca   0x080022ca   0x00000002   PAD
    0x080022cc   0x080022cc   0x00000184   Code   RO         3488    i.HAL_RCC_ClockConfig  stm32f4xx_hal_rcc.o
    0x08002450   0x08002450   0x0000000c   Code   RO         3491    i.HAL_RCC_EnableCSS  stm32f4xx_hal_rcc.o
    0x0800245c   0x0800245c   0x00000044   Code   RO         3492    i.HAL_RCC_GetClockConfig  stm32f4xx_hal_rcc.o
    0x080024a0   0x080024a0   0x0000000c   Code   RO         3493    i.HAL_RCC_GetHCLKFreq  stm32f4xx_hal_rcc.o
    0x080024ac   0x080024ac   0x00000020   Code   RO         3495    i.HAL_RCC_GetPCLK1Freq  stm32f4xx_hal_rcc.o
    0x080024cc   0x080024cc   0x00000020   Code   RO         3496    i.HAL_RCC_GetPCLK2Freq  stm32f4xx_hal_rcc.o
    0x080024ec   0x080024ec   0x000000b0   Code   RO         3497    i.HAL_RCC_GetSysClockFreq  stm32f4xx_hal_rcc.o
    0x0800259c   0x0800259c   0x00000020   Code   RO         3499    i.HAL_RCC_NMI_IRQHandler  stm32f4xx_hal_rcc.o
    0x080025bc   0x080025bc   0x0000049c   Code   RO         3500    i.HAL_RCC_OscConfig  stm32f4xx_hal_rcc.o
    0x08002a58   0x08002a58   0x000000c8   Code   RO         4680    i.HAL_SPI_Init      stm32f4xx_hal_spi.o
    0x08002b20   0x08002b20   0x000000c4   Code   RO         1521    i.HAL_SPI_MspInit   spi.o
    0x08002be4   0x08002be4   0x0000022a   Code   RO         4689    i.HAL_SPI_TransmitReceive  stm32f4xx_hal_spi.o
    0x08002e0e   0x08002e0e   0x00000002   Code   RO         5708    i.HAL_TIMEx_BreakCallback  stm32f4xx_hal_tim_ex.o
    0x08002e10   0x08002e10   0x00000002   Code   RO         5709    i.HAL_TIMEx_CommutCallback  stm32f4xx_hal_tim_ex.o
    0x08002e12   0x08002e12   0x00000002   PAD
    0x08002e14   0x08002e14   0x000000b4   Code   RO         5727    i.HAL_TIMEx_MasterConfigSynchronization  stm32f4xx_hal_tim_ex.o
    0x08002ec8   0x08002ec8   0x00000066   Code   RO         4993    i.HAL_TIM_Base_Init  stm32f4xx_hal_tim.o
    0x08002f2e   0x08002f2e   0x00000002   PAD
    0x08002f30   0x08002f30   0x00000064   Code   RO         1563    i.HAL_TIM_Base_MspInit  tim.o
    0x08002f94   0x08002f94   0x000000a8   Code   RO         4998    i.HAL_TIM_Base_Start_IT  stm32f4xx_hal_tim.o
    0x0800303c   0x0800303c   0x0000010c   Code   RO         5002    i.HAL_TIM_ConfigClockSource  stm32f4xx_hal_tim.o
    0x08003148   0x08003148   0x00000002   Code   RO         5027    i.HAL_TIM_IC_CaptureCallback  stm32f4xx_hal_tim.o
    0x0800314a   0x0800314a   0x00000196   Code   RO         5041    i.HAL_TIM_IRQHandler  stm32f4xx_hal_tim.o
    0x080032e0   0x080032e0   0x000000b4   Code   RO         1564    i.HAL_TIM_MspPostInit  tim.o
    0x08003394   0x08003394   0x00000002   Code   RO         5044    i.HAL_TIM_OC_DelayElapsedCallback  stm32f4xx_hal_tim.o
    0x08003396   0x08003396   0x00000104   Code   RO         5065    i.HAL_TIM_PWM_ConfigChannel  stm32f4xx_hal_tim.o
    0x0800349a   0x0800349a   0x00000066   Code   RO         5068    i.HAL_TIM_PWM_Init  stm32f4xx_hal_tim.o
    0x08003500   0x08003500   0x00000002   Code   RO         5070    i.HAL_TIM_PWM_MspInit  stm32f4xx_hal_tim.o
    0x08003502   0x08003502   0x00000002   Code   RO         5071    i.HAL_TIM_PWM_PulseFinishedCallback  stm32f4xx_hal_tim.o
    0x08003504   0x08003504   0x0000010c   Code   RO         5073    i.HAL_TIM_PWM_Start  stm32f4xx_hal_tim.o
    0x08003610   0x08003610   0x00000012   Code   RO         1292    i.HAL_TIM_PeriodElapsedCallback  main.o
    0x08003622   0x08003622   0x00000002   Code   RO         5084    i.HAL_TIM_TriggerCallback  stm32f4xx_hal_tim.o
    0x08003624   0x08003624   0x00000060   Code   RO          820    i.HAL_UARTEx_RxEventCallback  bsp_uart.o
    0x08003684   0x08003684   0x00000002   Code   RO         6000    i.HAL_UART_ErrorCallback  stm32f4xx_hal_uart.o
    0x08003686   0x08003686   0x00000002   PAD
    0x08003688   0x08003688   0x000002e0   Code   RO         6003    i.HAL_UART_IRQHandler  stm32f4xx_hal_uart.o
    0x08003968   0x08003968   0x00000072   Code   RO         6004    i.HAL_UART_Init     stm32f4xx_hal_uart.o
    0x080039da   0x080039da   0x00000002   PAD
    0x080039dc   0x080039dc   0x00000230   Code   RO         1617    i.HAL_UART_MspInit  usart.o
    0x08003c0c   0x08003c0c   0x000000dc   Code   RO         6007    i.HAL_UART_Receive  stm32f4xx_hal_uart.o
    0x08003ce8   0x08003ce8   0x00000002   Code   RO         6010    i.HAL_UART_RxCpltCallback  stm32f4xx_hal_uart.o
    0x08003cea   0x08003cea   0x00000002   Code   RO         6015    i.HAL_UART_TxCpltCallback  stm32f4xx_hal_uart.o
    0x08003cec   0x08003cec   0x00000024   Code   RO          744    i.Haltick           bsp_tick.o
    0x08003d10   0x08003d10   0x00000004   Code   RO         1672    i.HardFault_Handler  stm32f4xx_it.o
    0x08003d14   0x08003d14   0x0000000c   Code   RO         1368    i.INS_Task          freertos.o
    0x08003d20   0x08003d20   0x0000001a   Code   RO          671    i.MCU_Init          bsp_mcu.o
    0x08003d3a   0x08003d3a   0x00000002   PAD
    0x08003d3c   0x08003d3c   0x00000048   Code   RO         1449    i.MX_CAN1_Init      can.o
    0x08003d84   0x08003d84   0x00000048   Code   RO         1450    i.MX_CAN2_Init      can.o
    0x08003dcc   0x08003dcc   0x00000078   Code   RO         1496    i.MX_DMA_Init       dma.o
    0x08003e44   0x08003e44   0x000000ec   Code   RO         1369    i.MX_FREERTOS_Init  freertos.o
    0x08003f30   0x08003f30   0x00000188   Code   RO         1339    i.MX_GPIO_Init      gpio.o
    0x080040b8   0x080040b8   0x00000044   Code   RO         1522    i.MX_SPI1_Init      spi.o
    0x080040fc   0x080040fc   0x0000006c   Code   RO         1565    i.MX_TIM10_Init     tim.o
    0x08004168   0x08004168   0x000000a4   Code   RO         1566    i.MX_TIM4_Init      tim.o
    0x0800420c   0x0800420c   0x00000038   Code   RO         1618    i.MX_USART1_UART_Init  usart.o
    0x08004244   0x08004244   0x00000038   Code   RO         1619    i.MX_USART3_UART_Init  usart.o
    0x0800427c   0x0800427c   0x00000004   Code   RO         1673    i.MemManage_Handler  stm32f4xx_it.o
    0x08004280   0x08004280   0x00000008   Code   RO         1674    i.NMI_Handler       stm32f4xx_it.o
    0x08004288   0x08004288   0x00000038   Code   RO         1040    i.PID_Calc_Clear    pid.o
    0x080042c0   0x080042c0   0x0000002c   Code   RO         1041    i.PID_ErrorHandle   pid.o
    0x080042ec   0x080042ec   0x00000030   Code   RO         1042    i.PID_Init          pid.o
    0x0800431c   0x0800431c   0x00000046   Code   RO         1043    i.PID_Param_Init    pid.o
    0x08004362   0x08004362   0x00000002   PAD
    0x08004364   0x08004364   0x00000214   Code   RO          382    i.Quanxiang_Calculate  chassis_task.o
    0x08004578   0x08004578   0x00000078   Code   RO         1184    i.Referee_Frame_Update  referee_info.o
    0x080045f0   0x080045f0   0x000001ce   Code   RO         1185    i.Referee_Info_Update  referee_info.o
    0x080047be   0x080047be   0x0000002a   Code   RO         1218    i.Remote_Message_Moniter  remote_control.o
    0x080047e8   0x080047e8   0x000000dc   Code   RO         1219    i.SBUS_TO_RC        remote_control.o
    0x080048c4   0x080048c4   0x0000006c   Code   RO         4718    i.SPI_EndRxTxTransaction  stm32f4xx_hal_spi.o
    0x08004930   0x08004930   0x000000d8   Code   RO         4723    i.SPI_WaitFlagStateUntilTimeout  stm32f4xx_hal_spi.o
    0x08004a08   0x08004a08   0x00000034   Code   RO         3174    i.SysTick_Handler   port.o
    0x08004a3c   0x08004a3c   0x000000b8   Code   RO         1293    i.SystemClock_Config  main.o
    0x08004af4   0x08004af4   0x00000014   Code   RO         1847    i.SystemInit        system_stm32f4xx.o
    0x08004b08   0x08004b08   0x00000010   Code   RO         1675    i.TIM2_IRQHandler   stm32f4xx_it.o
    0x08004b18   0x08004b18   0x000000d8   Code   RO         5086    i.TIM_Base_SetConfig  stm32f4xx_hal_tim.o
    0x08004bf0   0x08004bf0   0x00000022   Code   RO         5087    i.TIM_CCxChannelCmd  stm32f4xx_hal_tim.o
    0x08004c12   0x08004c12   0x00000016   Code   RO         5097    i.TIM_ETR_SetConfig  stm32f4xx_hal_tim.o
    0x08004c28   0x08004c28   0x00000012   Code   RO         5098    i.TIM_ITRx_SetConfig  stm32f4xx_hal_tim.o
    0x08004c3a   0x08004c3a   0x00000002   PAD
    0x08004c3c   0x08004c3c   0x00000070   Code   RO         5099    i.TIM_OC1_SetConfig  stm32f4xx_hal_tim.o
    0x08004cac   0x08004cac   0x0000007c   Code   RO         5100    i.TIM_OC2_SetConfig  stm32f4xx_hal_tim.o
    0x08004d28   0x08004d28   0x00000078   Code   RO         5101    i.TIM_OC3_SetConfig  stm32f4xx_hal_tim.o
    0x08004da0   0x08004da0   0x00000054   Code   RO         5102    i.TIM_OC4_SetConfig  stm32f4xx_hal_tim.o
    0x08004df4   0x08004df4   0x00000026   Code   RO         5104    i.TIM_TI1_ConfigInputStage  stm32f4xx_hal_tim.o
    0x08004e1a   0x08004e1a   0x00000028   Code   RO         5106    i.TIM_TI2_ConfigInputStage  stm32f4xx_hal_tim.o
    0x08004e42   0x08004e42   0x00000014   Code   RO         6017    i.UART_DMAAbortOnError  stm32f4xx_hal_uart.o
    0x08004e56   0x08004e56   0x0000006c   Code   RO         6027    i.UART_EndRxTransfer  stm32f4xx_hal_uart.o
    0x08004ec2   0x08004ec2   0x00000020   Code   RO         6028    i.UART_EndTransmit_IT  stm32f4xx_hal_uart.o
    0x08004ee2   0x08004ee2   0x000000f8   Code   RO         6030    i.UART_Receive_IT   stm32f4xx_hal_uart.o
    0x08004fda   0x08004fda   0x00000002   PAD
    0x08004fdc   0x08004fdc   0x0000022c   Code   RO         6031    i.UART_SetConfig    stm32f4xx_hal_uart.o
    0x08005208   0x08005208   0x00000060   Code   RO         6034    i.UART_Transmit_IT  stm32f4xx_hal_uart.o
    0x08005268   0x08005268   0x00000092   Code   RO         6035    i.UART_WaitOnFlagUntilTimeout  stm32f4xx_hal_uart.o
    0x080052fa   0x080052fa   0x00000002   Code   RO          441    i.USART             gimbal_task.o
    0x080052fc   0x080052fc   0x00000010   Code   RO         1676    i.USART1_IRQHandler  stm32f4xx_it.o
    0x0800530c   0x0800530c   0x00000010   Code   RO         1677    i.USART3_IRQHandler  stm32f4xx_it.o
    0x0800531c   0x0800531c   0x0000007e   Code   RO          821    i.USART_RxDMA_MultiBufferStart  bsp_uart.o
    0x0800539a   0x0800539a   0x00000002   PAD
    0x0800539c   0x0800539c   0x00000010   Code   RO          442    i.USART_Task_Init   gimbal_task.o
    0x080053ac   0x080053ac   0x00000022   Code   RO          497    i.USER_CAN_TxMessage  bsp_can.o
    0x080053ce   0x080053ce   0x00000002   PAD
    0x080053d0   0x080053d0   0x00000094   Code   RO          822    i.USER_USART1_RxHandler  bsp_uart.o
    0x08005464   0x08005464   0x00000088   Code   RO          823    i.USER_USART3_RxHandler  bsp_uart.o
    0x080054ec   0x080054ec   0x00000004   Code   RO         1678    i.UsageFault_Handler  stm32f4xx_it.o
    0x080054f0   0x080054f0   0x0000000a   Code   RO          183    i.Usart_Task        usart_task.o
    0x080054fa   0x080054fa   0x00000002   PAD
    0x080054fc   0x080054fc   0x00000010   Code   RO         4289    i.__NVIC_GetPriorityGrouping  stm32f4xx_hal_cortex.o
    0x0800550c   0x0800550c   0x00000028   Code   RO         4290    i.__NVIC_SetPriority  stm32f4xx_hal_cortex.o
    0x08005534   0x08005534   0x00000016   Code   RO         1186    i.bit8TObit16       referee_info.o
    0x0800554a   0x0800554a   0x00000020   Code   RO         1187    i.bit8TOfloat32     referee_info.o
    0x0800556a   0x0800556a   0x00000002   PAD
    0x0800556c   0x0800556c   0x00000128   Code   RO         1136    i.encoder_to_angle  motor.o
    0x08005694   0x08005694   0x000000f8   Code   RO         1137    i.encoder_to_anglesum  motor.o
    0x0800578c   0x0800578c   0x00000230   Code   RO         1044    i.f_PID_Calculate   pid.o
    0x080059bc   0x080059bc   0x00000052   Code   RO         1138    i.f_loop_constrain  motor.o
    0x08005a0e   0x08005a0e   0x00000002   PAD
    0x08005a10   0x08005a10   0x00000034   Code   RO          867    i.get_CRC16_check_sum  crc.o
    0x08005a44   0x08005a44   0x00000024   Code   RO          868    i.get_CRC8_check_sum  crc.o
    0x08005a68   0x08005a68   0x000000b8   Code   RO         1139    i.get_Motor_Data    motor.o
    0x08005b20   0x08005b20   0x00000078   Code   RO          443    i.gimbal_Task       gimbal_task.o
    0x08005b98   0x08005b98   0x00000054   Code   RO         1294    i.main              main.o
    0x08005bec   0x08005bec   0x0000000e   Code   RO         2727    i.makeFreeRtosPriority  cmsis_os.o
    0x08005bfa   0x08005bfa   0x00000018   Code   RO         2729    i.osDelay           cmsis_os.o
    0x08005c12   0x08005c12   0x0000000a   Code   RO         2732    i.osKernelStart     cmsis_os.o
    0x08005c1c   0x08005c1c   0x0000005e   Code   RO         2766    i.osThreadCreate    cmsis_os.o
    0x08005c7a   0x08005c7a   0x00000002   PAD
    0x08005c7c   0x08005c7c   0x000000a4   Code   RO         2353    i.prvAddCurrentTaskToDelayedList  tasks.o
    0x08005d20   0x08005d20   0x000000b4   Code   RO         2354    i.prvAddNewTaskToReadyList  tasks.o
    0x08005dd4   0x08005dd4   0x00000048   Code   RO         2355    i.prvCheckTasksWaitingTermination  tasks.o
    0x08005e1c   0x08005e1c   0x00000050   Code   RO         2356    i.prvDeleteTCB      tasks.o
    0x08005e6c   0x08005e6c   0x0000007c   Code   RO         3106    i.prvHeapInit       heap_4.o
    0x08005ee8   0x08005ee8   0x00000028   Code   RO         2357    i.prvIdleTask       tasks.o
    0x08005f10   0x08005f10   0x000000c2   Code   RO         2358    i.prvInitialiseNewTask  tasks.o
    0x08005fd2   0x08005fd2   0x00000002   PAD
    0x08005fd4   0x08005fd4   0x00000068   Code   RO         2359    i.prvInitialiseTaskLists  tasks.o
    0x0800603c   0x0800603c   0x00000068   Code   RO         3107    i.prvInsertBlockIntoFreeList  heap_4.o
    0x080060a4   0x080060a4   0x00000034   Code   RO         2360    i.prvResetNextTaskUnblockTime  tasks.o
    0x080060d8   0x080060d8   0x00000040   Code   RO         3175    i.prvTaskExitError  port.o
    0x08006118   0x08006118   0x0000014c   Code   RO         3108    i.pvPortMalloc      heap_4.o
    0x08006264   0x08006264   0x0000002c   Code   RO         3176    i.pxPortInitialiseStack  port.o
    0x08006290   0x08006290   0x00000028   Code   RO         1975    i.uxListRemove      list.o
    0x080062b8   0x080062b8   0x00000018   Code   RO         1372    i.vApplicationGetIdleTaskMemory  freertos.o
    0x080062d0   0x080062d0   0x0000001a   Code   RO         1976    i.vListInitialise   list.o
    0x080062ea   0x080062ea   0x00000006   Code   RO         1977    i.vListInitialiseItem  list.o
    0x080062f0   0x080062f0   0x00000034   Code   RO         1978    i.vListInsert       list.o
    0x08006324   0x08006324   0x00000018   Code   RO         1979    i.vListInsertEnd    list.o
    0x0800633c   0x0800633c   0x00000054   Code   RO         3178    i.vPortEnterCritical  port.o
    0x08006390   0x08006390   0x0000003c   Code   RO         3179    i.vPortExitCritical  port.o
    0x080063cc   0x080063cc   0x000000a4   Code   RO         3109    i.vPortFree         heap_4.o
    0x08006470   0x08006470   0x00000028   Code   RO         3180    i.vPortSetupTimerInterrupt  port.o
    0x08006498   0x08006498   0x0000005c   Code   RO         2373    i.vTaskDelay        tasks.o
    0x080064f4   0x080064f4   0x000000b0   Code   RO         2387    i.vTaskStartScheduler  tasks.o
    0x080065a4   0x080065a4   0x00000010   Code   RO         2389    i.vTaskSuspendAll   tasks.o
    0x080065b4   0x080065b4   0x0000008c   Code   RO         2390    i.vTaskSwitchContext  tasks.o
    0x08006640   0x08006640   0x00000040   Code   RO          869    i.verify_CRC16_check_sum  crc.o
    0x08006680   0x08006680   0x0000002e   Code   RO          870    i.verify_CRC8_check_sum  crc.o
    0x080066ae   0x080066ae   0x00000002   PAD
    0x080066b0   0x080066b0   0x00000168   Code   RO         3182    i.xPortStartScheduler  port.o
    0x08006818   0x08006818   0x00000064   Code   RO         2394    i.xTaskCreate       tasks.o
    0x0800687c   0x0800687c   0x000000ba   Code   RO         2395    i.xTaskCreateStatic  tasks.o
    0x08006936   0x08006936   0x00000002   PAD
    0x08006938   0x08006938   0x00000148   Code   RO         2403    i.xTaskIncrementTick  tasks.o
    0x08006a80   0x08006a80   0x00000104   Code   RO         2409    i.xTaskResumeAll    tasks.o
    0x08006b84   0x08006b84   0x0000000a   Code   RO         7139    x$fpl$fpinit        g_wm.l(fpinit.o)
    0x08006b8e   0x08006b8e   0x00000302   Data   RO          871    .constdata          crc.o
    0x08006e90   0x08006e90   0x000000e0   Data   RO         1374    .constdata          freertos.o
    0x08006f70   0x08006f70   0x00000018   Data   RO         1848    .constdata          system_stm32f4xx.o
    0x08006f88   0x08006f88   0x00000008   Data   RO         4006    .constdata          stm32f4xx_hal_dma.o
    0x08006f90   0x08006f90   0x00000804   Data   RO         6616    .constdata          arm_cortexM4lf_math.lib(arm_common_tables.o)
    0x08007794   0x08007794   0x00000080   Data   RO         1375    .conststring        freertos.o
    0x08007814   0x08007814   0x00000020   Data   RO         7278    Region$$Table       anon$$obj.o


    Execution Region RW_IRAM1 (Exec base: 0x20000000, Load base: 0x08007834, Size: 0x0000b3b8, Max: 0x0001c000, ABSOLUTE, COMPRESSED[0x000000a4])

    Exec Addr    Load Addr    Size         Type   Attr      Idx    E Section Name        Object

    0x20000000   COMPRESSED   0x00000090   Data   RW          384    .data               chassis_task.o
    0x20000090   COMPRESSED   0x000000cc   Data   RW          445    .data               gimbal_task.o
    0x2000015c   COMPRESSED   0x00000050   Data   RW          499    .data               bsp_can.o
    0x200001ac   COMPRESSED   0x00000004   PAD
    0x200001b0   COMPRESSED   0x00000040   Data   RW          558    .data               bsp_dwt.o
    0x200001f0   COMPRESSED   0x00000002   Data   RW          872    .data               crc.o
    0x200001f2   COMPRESSED   0x00000002   PAD
    0x200001f4   COMPRESSED   0x0000002c   Data   RW         1086    .data               bmi088.o
    0x20000220   COMPRESSED   0x000000c4   Data   RW         1141    .data               motor.o
    0x200002e4   COMPRESSED   0x0000001e   Data   RW         1221    .data               remote_control.o
    0x20000302   COMPRESSED   0x00000002   PAD
    0x20000304   COMPRESSED   0x00000020   Data   RW         1376    .data               freertos.o
    0x20000324   COMPRESSED   0x00000004   Data   RW         1452    .data               can.o
    0x20000328   COMPRESSED   0x00000004   Data   RW         1849    .data               system_stm32f4xx.o
    0x2000032c   COMPRESSED   0x0000003c   Data   RW         2412    .data               tasks.o
    0x20000368   COMPRESSED   0x00000020   Data   RW         3115    .data               heap_4.o
    0x20000388   COMPRESSED   0x0000000c   Data   RW         3183    .data               port.o
    0x20000394   COMPRESSED   0x00000009   Data   RW         4438    .data               stm32f4xx_hal.o
    0x2000039d   COMPRESSED   0x00000003   PAD
    0x200003a0        -       0x000002a8   Zero   RW          383    .bss                chassis_task.o
    0x20000648        -       0x000002c0   Zero   RW          444    .bss                gimbal_task.o
    0x20000908        -       0x00000028   Zero   RW          498    .bss                bsp_can.o
    0x20000930        -       0x0000003c   Zero   RW         1085    .bss                bmi088.o
    0x2000096c        -       0x00000100   Zero   RW         1188    .bss                referee_info.o
    0x20000a6c        -       0x00000048   Zero   RW         1220    .bss                remote_control.o
    0x20000ab4        -       0x00000032   Zero   RW         1295    .bss                main.o
    0x20000ae6   COMPRESSED   0x00000002   PAD
    0x20000ae8        -       0x00000454   Zero   RW         1373    .bss                freertos.o
    0x20000f3c        -       0x00000050   Zero   RW         1451    .bss                can.o
    0x20000f8c        -       0x00000058   Zero   RW         1523    .bss                spi.o
    0x20000fe4        -       0x00000090   Zero   RW         1567    .bss                tim.o
    0x20001074        -       0x000001a8   Zero   RW         1620    .bss                usart.o
    0x2000121c        -       0x00000048   Zero   RW         1803    .bss                stm32f4xx_hal_timebase_tim.o
    0x20001264        -       0x000000f0   Zero   RW         2411    .bss                tasks.o
    0x20001354        -       0x00006000   Zero   RW         3114    .bss                heap_4.o
    0x20007354        -       0x00000060   Zero   RW         7072    .bss                c_w.l(libspace.o)
    0x200073b4   COMPRESSED   0x00000004   PAD
    0x200073b8        -       0x00002000   Zero   RW         1837    HEAP                startup_stm32f407xx.o
    0x200093b8        -       0x00002000   Zero   RW         1836    STACK               startup_stm32f407xx.o


    Execution Region RW_IRAM2 (Exec base: 0x2001c000, Load base: 0x080078d8, Size: 0x00000000, Max: 0x00004000, ABSOLUTE)

    **** No section assigned to this execution region ****


==============================================================================

Image component sizes


      Code (inc. data)   RO Data    RW Data    ZI Data      Debug   Object Name

         0          0          0          0          0       6032   api_quaternion.o
       660         26          0         44         60       7348   bmi088.o
       346         34          0         80         40       4190   bsp_can.o
       104         30          0         64          0       1986   bsp_dwt.o
        80         24          0          0          0       1870   bsp_gpio.o
        26          0          0          0          0        467   bsp_mcu.o
        36          4          0          0          0        557   bsp_spi.o
        84          0          0          0          0       1550   bsp_tick.o
        16          4          0          0          0        455   bsp_tim.o
       542         34          0          0          0       3318   bsp_uart.o
       496         44          0          4         80       2362   can.o
       192         18          0          0          0       1060   cantx_task.o
       688         94          0        144        680       6398   chassis_task.o
       142          0          0          0          0      22707   cmsis_os.o
       198         16        770          2          0       3657   crc.o
        20          4          0          0          0      32358   detect_task.o
       120          6          0          0          0        786   dma.o
         0          0          0          0          0      14104   event_groups.o
       284         46        352         32       1108       3690   freertos.o
       642        128          0        204        704       5090   gimbal_task.o
       392         20          0          0          0       1131   gpio.o
       724         74          0         32      24576       7291   heap_4.o
       148          0          0          0          0       3458   list.o
       292         20          0          0         50       2835   main.o
       810         36          0        196          0       4489   motor.o
       778         20          0          0          0       8150   pid.o
       894         78          0         12          0      10956   port.o
       636          4          0          0        256       9746   referee_info.o
       262          0          0         30         72       3993   remote_control.o
       264         24          0          0         88       1673   spi.o
        64         26        392          0      16384        796   startup_stm32f407xx.o
        96         20          0          9          0       7974   stm32f4xx_hal.o
      2134          6          0          0          0      13963   stm32f4xx_hal_can.o
       252         22          0          0          0      33570   stm32f4xx_hal_cortex.o
      1246         16          8          0          0       5247   stm32f4xx_hal_dma.o
       558         50          0          0          0       3891   stm32f4xx_hal_gpio.o
        84          6          0          0          0        826   stm32f4xx_hal_msp.o
      1934        102          0          0          0       7712   stm32f4xx_hal_rcc.o
      1078         14          0          0          0       4577   stm32f4xx_hal_spi.o
      2392        142          0          0          0      16000   stm32f4xx_hal_tim.o
       184         30          0          0          0       2421   stm32f4xx_hal_tim_ex.o
       180         18          0          0         72       1415   stm32f4xx_hal_timebase_tim.o
      2282         14          0          0          0      10778   stm32f4xx_hal_uart.o
       172         48          0          0          0       7062   stm32f4xx_it.o
        20          6         24          4          0       1079   system_stm32f4xx.o
      2184        272          0         60        240      20153   tasks.o
       552         52          0          0        144       3035   tim.o
       672         68          0          0        424       2632   usart.o
        10          0          0          0          0     703133   usart_task.o

    ----------------------------------------------------------------------
     26016       1700       1578        928      44980    1019971   Object Totals
         0          0         32          0          0          0   (incl. Generated)
        46          0          0         11          2          0   (incl. Padding)

    ----------------------------------------------------------------------

      Code (inc. data)   RO Data    RW Data    ZI Data      Debug   Library Member Name

         0          0       2052          0          0       4704   arm_common_tables.o
       120         12          0          0          0      17170   arm_cos_f32.o
       148         18          0          0          0        814   arm_sin_f32.o
        90          0          0          0          0          0   __dczerorl2.o
         8          0          0          0          0         68   __main.o
         0          0          0          0          0          0   __rtentry.o
        12          0          0          0          0          0   __rtentry2.o
         6          0          0          0          0          0   __rtentry4.o
        52          8          0          0          0          0   __scatter.o
        28          0          0          0          0          0   __scatter_zi.o
        16          0          0          0          0         68   aeabi_memset.o
        18          0          0          0          0         80   exit.o
         6          0          0          0          0        152   heapauxi.o
         0          0          0          0          0          0   indicate_semi.o
         2          0          0          0          0          0   libinit.o
         6          0          0          0          0          0   libinit2.o
         2          0          0          0          0          0   libshutdown.o
         2          0          0          0          0          0   libshutdown2.o
         8          4          0          0         96         68   libspace.o
       238          0          0          0          0        100   lludivv7m.o
        68          0          0          0          0         68   rt_memclr.o
        78          0          0          0          0         80   rt_memclr_w.o
       100          0          0          0          0         80   rt_memcpy_w.o
         2          0          0          0          0          0   rtexit.o
        10          0          0          0          0          0   rtexit2.o
        12          4          0          0          0         68   sys_exit.o
        74          0          0          0          0         80   sys_stackheap_outer.o
         2          0          0          0          0         68   use_no_semi.o
        10          0          0          0          0        116   fpinit.o

    ----------------------------------------------------------------------
      1126         46       2052          0        100      23784   Library Totals
         8          0          0          0          4          0   (incl. Padding)

    ----------------------------------------------------------------------

      Code (inc. data)   RO Data    RW Data    ZI Data      Debug   Library Name

       268         30       2052          0          0      22688   arm_cortexM4lf_math.lib
       840         16          0          0         96        980   c_w.l
        10          0          0          0          0        116   g_wm.l

    ----------------------------------------------------------------------
      1126         46       2052          0        100      23784   Library Totals

    ----------------------------------------------------------------------

==============================================================================


      Code (inc. data)   RO Data    RW Data    ZI Data      Debug   

     27142       1746       3630        928      45080    1021339   Grand Totals
     27142       1746       3630        164      45080    1021339   ELF Image Totals (compressed)
     27142       1746       3630        164          0          0   ROM Totals

==============================================================================

    Total RO  Size (Code + RO Data)                30772 (  30.05kB)
    Total RW  Size (RW Data + ZI Data)             46008 (  44.93kB)
    Total ROM Size (Code + RO Data + RW Data)      30936 (  30.21kB)

==============================================================================

